Archive member included because of file (symbol)

contiki-sky.a(rimeaddr.o)     obj_sky/contiki-sky-main.o (rimeaddr_copy)
contiki-sky.a(csma.o)         obj_sky/contiki-sky-main.o (csma_driver)
contiki-sky.a(contikimac.o)   obj_sky/contiki-sky-main.o (contikimac_driver)
contiki-sky.a(phase.o)        contiki-sky.a(contikimac.o) (phase_update)
contiki-sky.a(process.o)      obj_sky/contiki-sky-main.o (process_init)
contiki-sky.a(autostart.o)    obj_sky/contiki-sky-main.o (autostart_start)
contiki-sky.a(compower.o)     contiki-sky.a(contikimac.o) (compower_accumulate)
contiki-sky.a(memb.o)         contiki-sky.a(csma.o) (memb_init)
contiki-sky.a(timer.o)        obj_sky/contiki-sky-main.o (timer_set)
contiki-sky.a(list.o)         contiki-sky.a(csma.o) (list_init)
contiki-sky.a(etimer.o)       obj_sky/contiki-sky-main.o (etimer_process)
contiki-sky.a(ctimer.o)       obj_sky/contiki-sky-main.o (ctimer_init)
contiki-sky.a(energest.o)     obj_sky/contiki-sky-main.o (energest_init)
contiki-sky.a(rtimer.o)       obj_sky/contiki-sky-main.o (rtimer_init)
contiki-sky.a(random.o)       obj_sky/contiki-sky-main.o (random_init)
contiki-sky.a(nbr-table.o)    contiki-sky.a(phase.o) (nbr_table_register)
contiki-sky.a(packetbuf.o)    contiki-sky.a(contikimac.o) (packetbuf_hdr_remove)
contiki-sky.a(queuebuf.o)     obj_sky/contiki-sky-main.o (queuebuf_init)
contiki-sky.a(sicslowpan.o)   obj_sky/contiki-sky-main.o (sicslowpan_driver)
contiki-sky.a(simple-udp.o)   ping-blink.co (simple_udp_sendto)
contiki-sky.a(tcpip.o)        contiki-sky.a(sicslowpan.o) (tcpip_set_outputfunc)
contiki-sky.a(uip-ds6-route.o)
                              contiki-sky.a(tcpip.o) (uip_ds6_route_nexthop)
contiki-sky.a(uip-ds6-nbr.o)  contiki-sky.a(tcpip.o) (uip_ds6_nbr_add)
contiki-sky.a(uip-ds6.o)      contiki-sky.a(tcpip.o) (uip_ds6_is_addr_onlink)
contiki-sky.a(uip-nd6.o)      contiki-sky.a(tcpip.o) (uip_nd6_ns_output)
contiki-sky.a(uip-udp-packet.)
                              contiki-sky.a(simple-udp.o) (uip_udp_packet_sendto)
contiki-sky.a(uip6.o)         contiki-sky.a(sicslowpan.o) (uip_aligned_buf)
contiki-sky.a(contiki-sky-pla)
                              obj_sky/contiki-sky-main.o (init_platform)
contiki-sky.a(button-sensor.o)
                              ping-blink.co (button_sensor)
contiki-sky.a(ds2411.o)       obj_sky/contiki-sky-main.o (ds2411_init)
contiki-sky.a(xmem.o)         obj_sky/contiki-sky-main.o (xmem_init)
contiki-sky.a(node-id.o)      obj_sky/contiki-sky-main.o (node_id_restore)
contiki-sky.a(sensors.o)      ping-blink.co (sensors_event)
contiki-sky.a(cc2420.o)       obj_sky/contiki-sky-main.o (cc2420_set_channel)
contiki-sky.a(cc2420-arch.o)  contiki-sky.a(cc2420.o) (cc2420_arch_init)
contiki-sky.a(uart1.o)        obj_sky/contiki-sky-main.o (uart1_active)
contiki-sky.a(uart1-putchar.o)
                              obj_sky/contiki-sky-main.o (putchar)
contiki-sky.a(msp430.o)       contiki-sky.a(uart1.o) (msp430_add_lpm_req)
contiki-sky.a(clock.o)        contiki-sky.a(timer.o) (clock_time)
contiki-sky.a(leds.o)         obj_sky/contiki-sky-main.o (leds_init)
contiki-sky.a(leds-arch.o)    contiki-sky.a(leds.o) (leds_arch_init)
contiki-sky.a(watchdog.o)     obj_sky/contiki-sky-main.o (watchdog_start)
contiki-sky.a(rtimer-arch.o)  contiki-sky.a(rtimer.o) (rtimer_arch_init)
contiki-sky.a(mac.o)          contiki-sky.a(csma.o) (mac_call_sent_callback)
contiki-sky.a(framer-802154.o)
                              contiki-sky.a(contikimac.o) (framer_802154)
contiki-sky.a(rpl.o)          contiki-sky.a(uip-ds6-nbr.o) (rpl_link_neighbor_callback)
contiki-sky.a(rpl-dag.o)      contiki-sky.a(rpl.o) (rpl_dag_init)
contiki-sky.a(rpl-icmp6.o)    contiki-sky.a(rpl.o) (dao_output_target)
contiki-sky.a(rpl-timers.o)   contiki-sky.a(rpl.o) (rpl_reset_periodic_timer)
contiki-sky.a(rpl-mrhof.o)    contiki-sky.a(rpl-dag.o) (rpl_mrhof)
contiki-sky.a(rpl-ext-header.)
                              contiki-sky.a(uip6.o) (rpl_verify_header)
contiki-sky.a(stimer.o)       contiki-sky.a(tcpip.o) (stimer_set)
contiki-sky.a(uip-icmp6.o)    contiki-sky.a(uip6.o) (uip_icmp6_echo_request_input)
contiki-sky.a(spi.o)          contiki-sky.a(xmem.o) (spi_init)
contiki-sky.a(frame802154.o)  contiki-sky.a(framer-802154.o) (frame802154_hdrlen)
/usr/lib/gcc/msp430/4.6.3/mmpy-16/libgcc.a(_mulsi3.o)
                              contiki-sky.a(csma.o) (__mulsi3)
/usr/lib/gcc/msp430/4.6.3/mmpy-16/libgcc.a(_udivmod16.o)
                              contiki-sky.a(rpl-dag.o) (__udivhi3)
/usr/lib/gcc/msp430/4.6.3/mmpy-16/libgcc.a(_divmod16.o)
                              contiki-sky.a(nbr-table.o) (__divhi3)
/usr/lib/gcc/msp430/4.6.3/mmpy-16/libgcc.a(_udivmod32.o)
                              obj_sky/contiki-sky-main.o (__udivsi3)
/usr/lib/gcc/msp430/4.6.3/../../../../msp430/lib/mmpy-16/libc.a(strncmp.o)
                              contiki-sky.a(sensors.o) (strncmp)
/usr/lib/gcc/msp430/4.6.3/../../../../msp430/lib/mmpy-16/libc.a(memcmp.o)
[...]
Memory Configuration

Name             Origin             Length             Attributes
sfr              0x0000000000000000 0x0000000000000010
peripheral_8bit  0x0000000000000010 0x00000000000000f0
peripheral_16bit 0x0000000000000100 0x0000000000000100
ram_mirror       0x0000000000000200 0x0000000000000800 xw
infomem          0x0000000000001000 0x0000000000000100
infob            0x0000000000001000 0x0000000000000080
infoa            0x0000000000001080 0x0000000000000080
ram              0x0000000000001100 0x0000000000002800 xw
rom              0x0000000000004000 0x000000000000bfe0 xr
vectors          0x000000000000ffe0 0x0000000000000020
bsl              0x0000000000000000 0x0000000000000000
infoc            0x0000000000000000 0x0000000000000000
infod            0x0000000000000000 0x0000000000000000
ram2             0x0000000000000000 0x0000000000000000 xw
usbram           0x0000000000000000 0x0000000000000000 xw
far_rom          0x0000000000000000 0x0000000000000000
*default*        0x0000000000000000 0xffffffffffffffff

Linker script and memory map

LOAD /usr/lib/gcc/msp430/4.6.3/mmpy-16/crt0ivtbl16.o
LOAD ping-blink.co
LOAD obj_sky/contiki-sky-main.o
LOAD contiki-sky.a
LOAD /usr/lib/gcc/msp430/4.6.3/mmpy-16/libgcc.a
LOAD /usr/lib/gcc/msp430/4.6.3/../../../../msp430/lib/mmpy-16/libc.a
LOAD /usr/lib/gcc/msp430/4.6.3/mmpy-16/libgcc.a
LOAD /usr/lib/gcc/msp430/4.6.3/mmpy-16/libcrt0.a
                0x0000000000000080                PROVIDE (__info_segment_size, 0x80)
                0x0000000000001000                PROVIDE (__infob, 0x1000)
                0x0000000000001080                PROVIDE (__infoa, 0x1080)
                0x0000000000000000                __IE1 = 0x0
                0x0000000000000002                __IFG1 = 0x2
                0x0000000000000004                __ME1 = 0x4
                0x0000000000000001                __IE2 = 0x1
                0x0000000000000003                __IFG2 = 0x3
                0x0000000000000005                __ME2 = 0x5
                0x0000000000000120                __WDTCTL = 0x120
                0x0000000000000130                __MPY = 0x130
                0x0000000000000132                __MPYS = 0x132
                0x0000000000000134                __MAC = 0x134
                0x0000000000000136                __MACS = 0x136
                0x0000000000000138                __OP2 = 0x138
                0x000000000000013a                __RESLO = 0x13a
                0x000000000000013c                __RESHI = 0x13c
                0x000000000000013e                __SUMEXT = 0x13e
                0x0000000000000020                __P1IN = 0x20
                0x0000000000000021                __P1OUT = 0x21
                0x0000000000000022                __P1DIR = 0x22
                0x0000000000000023                __P1IFG = 0x23
                0x0000000000000024                __P1IES = 0x24
                0x0000000000000025                __P1IE = 0x25
                0x0000000000000026                __P1SEL = 0x26
                0x0000000000000028                __P2IN = 0x28
                0x0000000000000029                __P2OUT = 0x29
                0x000000000000002a                __P2DIR = 0x2a
                0x000000000000002b                __P2IFG = 0x2b
                0x000000000000002c                __P2IES = 0x2c
                0x000000000000002d                __P2IE = 0x2d
                0x000000000000002e                __P2SEL = 0x2e
                0x0000000000000018                __P3IN = 0x18
                0x0000000000000019                __P3OUT = 0x19
                0x000000000000001a                __P3DIR = 0x1a
                0x000000000000001b                __P3SEL = 0x1b
                0x000000000000001c                __P4IN = 0x1c
                0x000000000000001d                __P4OUT = 0x1d
                0x000000000000001e                __P4DIR = 0x1e
                0x000000000000001f                __P4SEL = 0x1f
                0x0000000000000030                __P5IN = 0x30
                0x0000000000000031                __P5OUT = 0x31
                0x0000000000000032                __P5DIR = 0x32
                0x0000000000000033                __P5SEL = 0x33
                0x0000000000000034                __P6IN = 0x34
                0x0000000000000035                __P6OUT = 0x35
                0x0000000000000036                __P6DIR = 0x36
                0x0000000000000037                __P6SEL = 0x37
                0x0000000000000070                __U0CTL = 0x70
                0x0000000000000071                __U0TCTL = 0x71
                0x0000000000000072                __U0RCTL = 0x72
                0x0000000000000073                __U0MCTL = 0x73
                0x0000000000000074                __U0BR0 = 0x74
                0x0000000000000075                __U0BR1 = 0x75
                0x0000000000000076                __U0RXBUF = 0x76
                0x0000000000000077                __U0TXBUF = 0x77
                0x0000000000000078                __U1CTL = 0x78
                0x0000000000000079                __U1TCTL = 0x79
                0x000000000000007a                __U1RCTL = 0x7a
                0x000000000000007b                __U1MCTL = 0x7b
                0x000000000000007c                __U1BR0 = 0x7c
                0x000000000000007d                __U1BR1 = 0x7d
                0x000000000000007e                __U1RXBUF = 0x7e
                0x000000000000007f                __U1TXBUF = 0x7f
                0x0000000000000050                __I2CIE = 0x50
                0x0000000000000051                __I2CIFG = 0x51
                0x0000000000000052                __I2CNDAT = 0x52
                0x0000000000000071                __I2CTCTL = 0x71
                0x0000000000000072                __I2CDCTL = 0x72
                0x0000000000000073                __I2CPSC = 0x73
                0x0000000000000074                __I2CSCLH = 0x74
                0x0000000000000075                __I2CSCLL = 0x75
                0x0000000000000076                __I2CDRB = 0x76
                0x0000000000000076                __I2CDRW = 0x76
                0x0000000000000118                __I2COA = 0x118
                0x000000000000011a                __I2CSA = 0x11a
                0x000000000000011c                __I2CIV = 0x11c
                0x000000000000012e                __TAIV = 0x12e
                0x0000000000000160                __TACTL = 0x160
                0x0000000000000162                __TACCTL0 = 0x162
                0x0000000000000164                __TACCTL1 = 0x164
                0x0000000000000166                __TACCTL2 = 0x166
                0x0000000000000170                __TAR = 0x170
                0x0000000000000172                __TACCR0 = 0x172
                0x0000000000000174                __TACCR1 = 0x174
                0x0000000000000176                __TACCR2 = 0x176
                0x000000000000011e                __TBIV = 0x11e
                0x0000000000000180                __TBCTL = 0x180
                0x0000000000000182                __TBCCTL0 = 0x182
                0x0000000000000184                __TBCCTL1 = 0x184
                0x0000000000000186                __TBCCTL2 = 0x186
                0x0000000000000188                __TBCCTL3 = 0x188
                0x000000000000018a                __TBCCTL4 = 0x18a
                0x000000000000018c                __TBCCTL5 = 0x18c
                0x000000000000018e                __TBCCTL6 = 0x18e
                0x0000000000000190                __TBR = 0x190
                0x0000000000000192                __TBCCR0 = 0x192
                0x0000000000000194                __TBCCR1 = 0x194
                0x0000000000000196                __TBCCR2 = 0x196
                0x0000000000000198                __TBCCR3 = 0x198
                0x000000000000019a                __TBCCR4 = 0x19a
                0x000000000000019c                __TBCCR5 = 0x19c
                0x000000000000019e                __TBCCR6 = 0x19e
                0x0000000000000056                __DCOCTL = 0x56
                0x0000000000000057                __BCSCTL1 = 0x57
                0x0000000000000058                __BCSCTL2 = 0x58
                0x0000000000000055                __SVSCTL = 0x55
                0x0000000000000128                __FCTL1 = 0x128
                0x000000000000012a                __FCTL2 = 0x12a
                0x000000000000012c                __FCTL3 = 0x12c
                0x0000000000000059                __CACTL1 = 0x59
                0x000000000000005a                __CACTL2 = 0x5a
                0x000000000000005b                __CAPD = 0x5b
                0x00000000000001a0                __ADC12CTL0 = 0x1a0
                0x00000000000001a2                __ADC12CTL1 = 0x1a2
                0x00000000000001a4                __ADC12IFG = 0x1a4
                0x00000000000001a6                __ADC12IE = 0x1a6
                0x00000000000001a8                __ADC12IV = 0x1a8
                0x0000000000000140                __ADC12MEM0 = 0x140
                0x0000000000000142                __ADC12MEM1 = 0x142
                0x0000000000000144                __ADC12MEM2 = 0x144
                0x0000000000000146                __ADC12MEM3 = 0x146
                0x0000000000000148                __ADC12MEM4 = 0x148
                0x000000000000014a                __ADC12MEM5 = 0x14a
                0x000000000000014c                __ADC12MEM6 = 0x14c
                0x000000000000014e                __ADC12MEM7 = 0x14e
                0x0000000000000150                __ADC12MEM8 = 0x150
                0x0000000000000152                __ADC12MEM9 = 0x152
                0x0000000000000154                __ADC12MEM10 = 0x154
                0x0000000000000156                __ADC12MEM11 = 0x156
                0x0000000000000158                __ADC12MEM12 = 0x158
                0x000000000000015a                __ADC12MEM13 = 0x15a
                0x000000000000015c                __ADC12MEM14 = 0x15c
                0x000000000000015e                __ADC12MEM15 = 0x15e
                0x0000000000000080                __ADC12MCTL0 = 0x80
                0x0000000000000081                __ADC12MCTL1 = 0x81
                0x0000000000000082                __ADC12MCTL2 = 0x82
                0x0000000000000083                __ADC12MCTL3 = 0x83
                0x0000000000000084                __ADC12MCTL4 = 0x84
                0x0000000000000085                __ADC12MCTL5 = 0x85
                0x0000000000000086                __ADC12MCTL6 = 0x86
                0x0000000000000087                __ADC12MCTL7 = 0x87
                0x0000000000000088                __ADC12MCTL8 = 0x88
                0x0000000000000089                __ADC12MCTL9 = 0x89
                0x000000000000008a                __ADC12MCTL10 = 0x8a
                0x000000000000008b                __ADC12MCTL11 = 0x8b
                0x000000000000008c                __ADC12MCTL12 = 0x8c
                0x000000000000008d                __ADC12MCTL13 = 0x8d
                0x000000000000008e                __ADC12MCTL14 = 0x8e
                0x000000000000008f                __ADC12MCTL15 = 0x8f
                0x00000000000001c0                __DAC12_0CTL = 0x1c0
                0x00000000000001c2                __DAC12_1CTL = 0x1c2
                0x00000000000001c8                __DAC12_0DAT = 0x1c8
                0x00000000000001ca                __DAC12_1DAT = 0x1ca
                0x0000000000000122                __DMACTL0 = 0x122
                0x0000000000000124                __DMACTL1 = 0x124
                0x00000000000001e0                __DMA0CTL = 0x1e0
                0x00000000000001e8                __DMA1CTL = 0x1e8
                0x00000000000001f0                __DMA2CTL = 0x1f0
                0x00000000000001e2                __DMA0SA = 0x1e2
                0x00000000000001e4                __DMA0DA = 0x1e4
                0x00000000000001e6                __DMA0SZ = 0x1e6
                0x00000000000001ea                __DMA1SA = 0x1ea
                0x00000000000001ec                __DMA1DA = 0x1ec
                0x00000000000001ee                __DMA1SZ = 0x1ee
                0x00000000000001f2                __DMA2SA = 0x1f2
                0x00000000000001f4                __DMA2DA = 0x1f4
                0x00000000000001f6                __DMA2SZ = 0x1f6

.hash
 *(.hash)

.dynsym
 *(.dynsym)

.dynstr
 *(.dynstr)

.gnu.version
 *(.gnu.version)

.gnu.version_d
 *(.gnu.version_d)

.gnu.version_r
 *(.gnu.version_r)

.rel.init
 *(.rel.init)

.rela.init
 *(.rela.init)

.rel.fini
 *(.rel.fini)

.rela.fini
 *(.rela.fini)

.rel.text
 *(.rel.text .rel.text.* .rel.gnu.linkonce.t.*)

.rela.text
 *(.rela.text .rela.text.* .rela.gnu.linkonce.t.*)

.rel.rodata
 *(.rel.rodata .rel.rodata.* .rel.gnu.linkonce.r.*)

.rela.rodata
 *(.rela.rodata .rela.rodata.* .rela.gnu.linkonce.r.*)

.rel.data
 *(.rel.data .rel.data.* .rel.gnu.linkonce.d.*)

.rela.data
 *(.rela.data .rela.data.* .rela.gnu.linkonce.d.*)

.rel.bss
 *(.rel.bss .rel.bss.* .rel.gnu.linkonce.b.*)

.rela.bss
 *(.rela.bss .rela.bss.* .rela.gnu.linkonce.b.*)

.rel.ctors
 *(.rel.ctors)

.rela.ctors
 *(.rela.ctors)

.rel.dtors
 *(.rel.dtors)

.rela.dtors
 *(.rela.dtors)

.rel.got
 *(.rel.got)

.rela.got
 *(.rela.got)

.rel.plt
 *(.rel.plt)

.rela.plt
 *(.rela.plt)

.text           0x0000000000004000     0xab4e
                0x0000000000004000                . = ALIGN (0x2)
 *(.init .init.*)
 *(.init0)
 .init0         0x0000000000004000        0x0 /usr/lib/gcc/msp430/4.6.3/mmpy-16/libcrt0.a(_reset_vector__.o)
                0x0000000000004000                _reset_vector__
 *(.init1)
 .init1         0x0000000000004000        0xc /usr/lib/gcc/msp430/4.6.3/mmpy-16/libcrt0.a(__watchdog_support.o)
                0x0000000000004000                __watchdog_support
 *(.init2)
 .init2         0x000000000000400c        0x4 /usr/lib/gcc/msp430/4.6.3/mmpy-16/libcrt0.a(__init_stack.o)
                0x000000000000400c                __init_stack
 *(.init3)
 .init3         0x0000000000004010        0x0 /usr/lib/gcc/msp430/4.6.3/mmpy-16/libcrt0.a(__low_level_init.o)
                0x0000000000004010                __low_level_init
 *(.init4)
 .init4         0x0000000000004010       0x18 /usr/lib/gcc/msp430/4.6.3/mmpy-16/libcrt0.a(_copy_data.o)
                0x0000000000004010                __do_copy_data
 .init4         0x0000000000004028       0x16 /usr/lib/gcc/msp430/4.6.3/mmpy-16/libcrt0.a(_clear_bss.o)
                0x0000000000004028                __do_clear_bss
 *(.init5)
 *(.init6)
 *(.init7)
 *(.init8)
 *(.init9)
 .init9         0x000000000000403e      0x364 obj_sky/contiki-sky-main.o
                0x000000000000403e                main
 *(.fini9)
 .fini9         0x00000000000043a2        0x0 /usr/lib/gcc/msp430/4.6.3/mmpy-16/libcrt0.a(__stop_progExec__.o)
                0x00000000000043a2                __stop_progExec__
 *(.fini8)
 *(.fini7)
 *(.fini6)
 *(.fini5)
 *(.fini4)
 *(.fini3)
 *(.fini2)
 *(.fini1)
 *(.fini0)
 .fini0         0x00000000000043a2        0x6 /usr/lib/gcc/msp430/4.6.3/mmpy-16/libcrt0.a(_endless_loop__.o)
                0x00000000000043a2                _endless_loop__
 *(.fini .fini.*)
                0x00000000000043a8                . = ALIGN (0x2)
                0x00000000000043a8                __ctors_start = .
 *(.ctors)
                0x00000000000043a8                __ctors_end = .
                0x00000000000043a8                __dtors_start = .
 *(.dtors)
                0x00000000000043a8                __dtors_end = .
                0x00000000000043a8                . = ALIGN (0x2)
 *(.text .text.* .gnu.linkonce.t.*)
 .text          0x00000000000043a8        0x4 /usr/lib/gcc/msp430/4.6.3/mmpy-16/crt0ivtbl16.o
                0x00000000000043a8                __isr_14
                0x00000000000043a8                __isr_11
                0x00000000000043a8                __isr_2
                0x00000000000043a8                __isr_7
                0x00000000000043a8                __isr_0
                0x00000000000043a8                __isr_8
                0x00000000000043a8                __isr_3
                0x00000000000043a8                __isr_12
                0x00000000000043a8                __isr_13
                0x00000000000043a8                __isr_9
 .text.receiver
                0x00000000000043ac        0xc ping-blink.co
 .text.process_thread_blink_process
                0x00000000000043b8       0x42 ping-blink.co
 .text.process_thread_ping_process
                0x00000000000043fa      0x11a ping-blink.co
 .text.rimeaddr_copy
                0x0000000000004514        0x8 contiki-sky.a(rimeaddr.o)
                0x0000000000004514                rimeaddr_copy
 .text.rimeaddr_cmp
                0x000000000000451c       0x12 contiki-sky.a(rimeaddr.o)
                0x000000000000451c                rimeaddr_cmp
 .text.rimeaddr_set_node_addr
                0x000000000000452e        0xc contiki-sky.a(rimeaddr.o)
                0x000000000000452e                rimeaddr_set_node_addr
 .text.input_packet
                0x000000000000453a        0x6 contiki-sky.a(csma.o)
 .text.on       0x0000000000004540        0x6 contiki-sky.a(csma.o)
 .text.off      0x0000000000004546        0x6 contiki-sky.a(csma.o)
 .text.channel_check_interval
                0x000000000000454c       0x10 contiki-sky.a(csma.o)
 .text.transmit_packet_list
                0x000000000000455c       0x24 contiki-sky.a(csma.o)
 .text.send_packet
                0x0000000000004580      0x164 contiki-sky.a(csma.o)
 .text.init     0x00000000000046e4       0x1a contiki-sky.a(csma.o)
 .text.free_packet
                0x00000000000046fe       0x9c contiki-sky.a(csma.o)
 .text.packet_sent
                0x000000000000479a      0x130 contiki-sky.a(csma.o)
 .text.duty_cycle
                0x00000000000048ca        0x6 contiki-sky.a(contikimac.o)
 .text.init     0x00000000000048d0       0x2e contiki-sky.a(contikimac.o)
 .text.on       0x00000000000048fe       0x1a contiki-sky.a(contikimac.o)
 .text.off      0x0000000000004918       0x22 contiki-sky.a(contikimac.o)
 .text.recv_burst_off
                0x000000000000493a        0xa contiki-sky.a(contikimac.o)
 .text.turn_off
                0x0000000000004944       0x20 contiki-sky.a(contikimac.o)
 .text.turn_on  0x0000000000004964       0x30 contiki-sky.a(contikimac.o)
 .text.schedule_powercycle_fixed.part.4
                0x0000000000004994       0x36 contiki-sky.a(contikimac.o)
 .text.powercycle_turn_radio_off
                0x00000000000049ca       0x30 contiki-sky.a(contikimac.o)
 .text.powercycle
                0x00000000000049fa      0x1da contiki-sky.a(contikimac.o)
 .text.input_packet
                0x0000000000004bd4      0x122 contiki-sky.a(contikimac.o)
 .text.send_packet
                0x0000000000004cf6      0x29c contiki-sky.a(contikimac.o)
 .text.qsend_packet
                0x0000000000004f92       0x28 contiki-sky.a(contikimac.o)
 .text.qsend_list
                0x0000000000004fba       0x84 contiki-sky.a(contikimac.o)
 .text.send_packet
                0x000000000000503e       0x44 contiki-sky.a(phase.o)
 .text.phase_update
                0x0000000000005082       0x90 contiki-sky.a(phase.o)
                0x0000000000005082                phase_update
 .text.phase_wait
                0x0000000000005112       0xf6 contiki-sky.a(phase.o)
                0x0000000000005112                phase_wait
 .text.phase_init
                0x0000000000005208       0x14 contiki-sky.a(phase.o)
                0x0000000000005208                phase_init
 .text.call_process
                0x000000000000521c       0x4a contiki-sky.a(process.o)
 .text.exit_process
                0x0000000000005266       0x96 contiki-sky.a(process.o)
 .text.do_poll  0x00000000000052fc       0x30 contiki-sky.a(process.o)
 .text.process_alloc_event
                0x000000000000532c        0xe contiki-sky.a(process.o)
                0x000000000000532c                process_alloc_event
 .text.process_init
                0x000000000000533a       0x1c contiki-sky.a(process.o)
                0x000000000000533a                process_init
 .text.process_run
                0x0000000000005356       0xa2 contiki-sky.a(process.o)
                0x0000000000005356                process_run
 .text.process_nevents
                0x00000000000053f8        0xe contiki-sky.a(process.o)
                0x00000000000053f8                process_nevents
 .text.process_post
                0x0000000000005406       0x54 contiki-sky.a(process.o)
                0x0000000000005406                process_post
 .text.process_post_synch
                0x000000000000545a       0x12 contiki-sky.a(process.o)
                0x000000000000545a                process_post_synch
 .text.process_start
                0x000000000000546c       0x32 contiki-sky.a(process.o)
                0x000000000000546c                process_start
 .text.process_poll
                0x000000000000549e       0x18 contiki-sky.a(process.o)
                0x000000000000549e                process_poll
 .text.autostart_start
                0x00000000000054b6       0x16 contiki-sky.a(autostart.o)
                0x00000000000054b6                autostart_start
 .text.compower_accumulate
                0x00000000000054cc       0x72 contiki-sky.a(compower.o)
                0x00000000000054cc                compower_accumulate
 .text.compower_clear
                0x000000000000553e       0x12 contiki-sky.a(compower.o)
                0x000000000000553e                compower_clear
 .text.compower_attrconv
                0x0000000000005550       0x10 contiki-sky.a(compower.o)
                0x0000000000005550                compower_attrconv
 .text.memb_init
                0x0000000000005560       0x36 contiki-sky.a(memb.o)
                0x0000000000005560                memb_init
 .text.memb_alloc
                0x0000000000005596       0x3e contiki-sky.a(memb.o)
                0x0000000000005596                memb_alloc
 .text.memb_free
                0x00000000000055d4       0x3a contiki-sky.a(memb.o)
                0x00000000000055d4                memb_free
 .text.memb_inmemb
                0x000000000000560e       0x2e contiki-sky.a(memb.o)
                0x000000000000560e                memb_inmemb
 .text.timer_set
                0x000000000000563c       0x1c contiki-sky.a(timer.o)
                0x000000000000563c                timer_set
 .text.timer_reset
                0x0000000000005658        0xe contiki-sky.a(timer.o)
                0x0000000000005658                timer_reset
 .text.timer_restart
                0x0000000000005666       0x14 contiki-sky.a(timer.o)
                0x0000000000005666                timer_restart
 .text.timer_expired
                0x000000000000567a       0x2a contiki-sky.a(timer.o)
                0x000000000000567a                timer_expired
 .text.list_init
                0x00000000000056a4        0x6 contiki-sky.a(list.o)
                0x00000000000056a4                list_init
 .text.list_head
                0x00000000000056aa        0x4 contiki-sky.a(list.o)
                0x00000000000056aa                list_head
 .text.list_tail
                0x00000000000056ae       0x12 contiki-sky.a(list.o)
                0x00000000000056ae                list_tail
 .text.list_remove
                0x00000000000056c0       0x34 contiki-sky.a(list.o)
                0x00000000000056c0                list_remove
 .text.list_push
                0x00000000000056f4       0x1a contiki-sky.a(list.o)
                0x00000000000056f4                list_push
 .text.list_add
                0x000000000000570e       0x2a contiki-sky.a(list.o)
                0x000000000000570e                list_add
 .text.list_length
                0x0000000000005738       0x10 contiki-sky.a(list.o)
                0x0000000000005738                list_length
 .text.list_item_next
                0x0000000000005748        0xc contiki-sky.a(list.o)
                0x0000000000005748                list_item_next
 .text.update_time
                0x0000000000005754       0x78 contiki-sky.a(etimer.o)
 .text.etimer_request_poll
                0x00000000000057cc        0xa contiki-sky.a(etimer.o)
                0x00000000000057cc                etimer_request_poll
 .text.process_thread_etimer_process
                0x00000000000057d6       0xc8 contiki-sky.a(etimer.o)
 .text.add_timer
                0x000000000000589e       0x40 contiki-sky.a(etimer.o)
 .text.etimer_set
                0x00000000000058de       0x12 contiki-sky.a(etimer.o)
                0x00000000000058de                etimer_set
 .text.etimer_reset
                0x00000000000058f0       0x12 contiki-sky.a(etimer.o)
                0x00000000000058f0                etimer_reset
 .text.etimer_restart
                0x0000000000005902       0x12 contiki-sky.a(etimer.o)
                0x0000000000005902                etimer_restart
 .text.etimer_expired
                0x0000000000005914        0xe contiki-sky.a(etimer.o)
                0x0000000000005914                etimer_expired
 .text.etimer_expiration_time
                0x0000000000005922       0x14 contiki-sky.a(etimer.o)
                0x0000000000005922                etimer_expiration_time
 .text.etimer_pending
                0x0000000000005936        0xc contiki-sky.a(etimer.o)
                0x0000000000005936                etimer_pending
 .text.etimer_next_expiration_time
                0x0000000000005942       0x16 contiki-sky.a(etimer.o)
                0x0000000000005942                etimer_next_expiration_time
 .text.etimer_stop
                0x0000000000005958       0x3c contiki-sky.a(etimer.o)
                0x0000000000005958                etimer_stop
 .text.process_thread_ctimer_process
                0x0000000000005994       0xa4 contiki-sky.a(ctimer.o)
 .text.ctimer_init
                0x0000000000005a38       0x18 contiki-sky.a(ctimer.o)
                0x0000000000005a38                ctimer_init
 .text.ctimer_set
                0x0000000000005a50       0x5a contiki-sky.a(ctimer.o)
                0x0000000000005a50                ctimer_set
 .text.ctimer_reset
                0x0000000000005aaa       0x3a contiki-sky.a(ctimer.o)
                0x0000000000005aaa                ctimer_reset
 .text.ctimer_stop
                0x0000000000005ae4       0x28 contiki-sky.a(ctimer.o)
                0x0000000000005ae4                ctimer_stop
 .text.energest_init
                0x0000000000005b0c       0x28 contiki-sky.a(energest.o)
                0x0000000000005b0c                energest_init
 .text.energest_type_time
                0x0000000000005b34       0x46 contiki-sky.a(energest.o)
                0x0000000000005b34                energest_type_time
 .text.energest_type_set
                0x0000000000005b7a        0xe contiki-sky.a(energest.o)
                0x0000000000005b7a                energest_type_set
 .text.energest_flush
                0x0000000000005b88       0x48 contiki-sky.a(energest.o)
                0x0000000000005b88                energest_flush
 .text.rtimer_init
                0x0000000000005bd0        0x6 contiki-sky.a(rtimer.o)
                0x0000000000005bd0                rtimer_init
 .text.rtimer_set
                0x0000000000005bd6       0x24 contiki-sky.a(rtimer.o)
                0x0000000000005bd6                rtimer_set
 .text.rtimer_run_next
                0x0000000000005bfa       0x26 contiki-sky.a(rtimer.o)
                0x0000000000005bfa                rtimer_run_next
 .text.random_init
                0x0000000000005c20        0x6 contiki-sky.a(random.o)
                0x0000000000005c20                random_init
 .text.random_rand
                0x0000000000005c26        0x6 contiki-sky.a(random.o)
                0x0000000000005c26                random_rand
 .text.index_from_key
                0x0000000000005c2c       0x48 contiki-sky.a(nbr-table.o)
 .text.item_from_key
                0x0000000000005c74       0x34 contiki-sky.a(nbr-table.o)
 .text.nbr_set_bit
                0x0000000000005ca8       0x8e contiki-sky.a(nbr-table.o)
 .text.index_from_lladdr
                0x0000000000005d36       0x42 contiki-sky.a(nbr-table.o)
 .text.nbr_get_bit.constprop.0
                0x0000000000005d78       0x62 contiki-sky.a(nbr-table.o)
 .text.nbr_table_register
                0x0000000000005dda       0x28 contiki-sky.a(nbr-table.o)
                0x0000000000005dda                nbr_table_register
 .text.nbr_table_next
                0x0000000000005e02       0x90 contiki-sky.a(nbr-table.o)
                0x0000000000005e02                nbr_table_next
 .text.nbr_table_head
                0x0000000000005e92       0x36 contiki-sky.a(nbr-table.o)
                0x0000000000005e92                nbr_table_head
 .text.nbr_table_add_lladdr
                0x0000000000005ec8      0x144 contiki-sky.a(nbr-table.o)
                0x0000000000005ec8                nbr_table_add_lladdr
 .text.nbr_table_get_from_lladdr
                0x000000000000600c       0x48 contiki-sky.a(nbr-table.o)
                0x000000000000600c                nbr_table_get_from_lladdr
 .text.nbr_table_remove
                0x0000000000006054       0x32 contiki-sky.a(nbr-table.o)
                0x0000000000006054                nbr_table_remove
 .text.nbr_table_lock
                0x0000000000006086       0x10 contiki-sky.a(nbr-table.o)
                0x0000000000006086                nbr_table_lock
 .text.nbr_table_unlock
                0x0000000000006096       0x10 contiki-sky.a(nbr-table.o)
                0x0000000000006096                nbr_table_unlock
 .text.nbr_table_get_lladdr
                0x00000000000060a6       0x5a contiki-sky.a(nbr-table.o)
                0x00000000000060a6                nbr_table_get_lladdr
 .text.packetbuf_copyto_hdr
                0x0000000000006100       0x1c contiki-sky.a(packetbuf.o)
                0x0000000000006100                packetbuf_copyto_hdr
 .text.packetbuf_copyto
                0x000000000000611c       0x52 contiki-sky.a(packetbuf.o)
                0x000000000000611c                packetbuf_copyto
 .text.packetbuf_hdr_remove
                0x000000000000616e        0x6 contiki-sky.a(packetbuf.o)
                0x000000000000616e                packetbuf_hdr_remove
 .text.packetbuf_hdrreduce
                0x0000000000006174       0x1a contiki-sky.a(packetbuf.o)
                0x0000000000006174                packetbuf_hdrreduce
 .text.packetbuf_set_datalen
                0x000000000000618e        0x6 contiki-sky.a(packetbuf.o)
                0x000000000000618e                packetbuf_set_datalen
 .text.packetbuf_dataptr
                0x0000000000006194        0xe contiki-sky.a(packetbuf.o)
                0x0000000000006194                packetbuf_dataptr
 .text.packetbuf_hdrptr
                0x00000000000061a2        0xa contiki-sky.a(packetbuf.o)
                0x00000000000061a2                packetbuf_hdrptr
 .text.packetbuf_is_reference
                0x00000000000061ac        0xe contiki-sky.a(packetbuf.o)
                0x00000000000061ac                packetbuf_is_reference
 .text.packetbuf_compact
                0x00000000000061ba       0x48 contiki-sky.a(packetbuf.o)
                0x00000000000061ba                packetbuf_compact
 .text.packetbuf_reference_ptr
                0x0000000000006202        0x6 contiki-sky.a(packetbuf.o)
                0x0000000000006202                packetbuf_reference_ptr
 .text.packetbuf_datalen
                0x0000000000006208        0x6 contiki-sky.a(packetbuf.o)
                0x0000000000006208                packetbuf_datalen
 .text.packetbuf_totlen
                0x000000000000620e       0x10 contiki-sky.a(packetbuf.o)
                0x000000000000620e                packetbuf_totlen
 .text.packetbuf_hdralloc
                0x000000000000621e       0x2e contiki-sky.a(packetbuf.o)
                0x000000000000621e                packetbuf_hdralloc
 .text.packetbuf_attr_clear
                0x000000000000624c       0x30 contiki-sky.a(packetbuf.o)
                0x000000000000624c                packetbuf_attr_clear
 .text.packetbuf_clear
                0x000000000000627c       0x1a contiki-sky.a(packetbuf.o)
                0x000000000000627c                packetbuf_clear
 .text.packetbuf_copyfrom
                0x0000000000006296       0x2e contiki-sky.a(packetbuf.o)
                0x0000000000006296                packetbuf_copyfrom
 .text.packetbuf_attr_copyto
                0x00000000000062c4       0x22 contiki-sky.a(packetbuf.o)
                0x00000000000062c4                packetbuf_attr_copyto
 .text.packetbuf_attr_copyfrom
                0x00000000000062e6       0x24 contiki-sky.a(packetbuf.o)
                0x00000000000062e6                packetbuf_attr_copyfrom
 .text.queuebuf_init
                0x000000000000630a       0x1a contiki-sky.a(queuebuf.o)
                0x000000000000630a                queuebuf_init
 .text.queuebuf_new_from_packetbuf
                0x0000000000006324       0x7e contiki-sky.a(queuebuf.o)
                0x0000000000006324                queuebuf_new_from_packetbuf
 .text.queuebuf_update_attr_from_packetbuf
                0x00000000000063a2       0x12 contiki-sky.a(queuebuf.o)
                0x00000000000063a2                queuebuf_update_attr_from_packetbuf
 .text.queuebuf_free
                0x00000000000063b4       0x40 contiki-sky.a(queuebuf.o)
                0x00000000000063b4                queuebuf_free
 .text.queuebuf_to_packetbuf
                0x00000000000063f4       0x6e contiki-sky.a(queuebuf.o)
                0x00000000000063f4                queuebuf_to_packetbuf
 .text.queuebuf_attr
                0x0000000000006462        0xe contiki-sky.a(queuebuf.o)
                0x0000000000006462                queuebuf_attr
 .text.set_packet_attrs
                0x0000000000006470       0x44 contiki-sky.a(sicslowpan.o)
 .text.addr_context_lookup_by_number
                0x00000000000064b4       0x36 contiki-sky.a(sicslowpan.o)
 .text.compress_addr_64
                0x00000000000064ea       0xae contiki-sky.a(sicslowpan.o)
 .text.uncompress_addr
                0x0000000000006598       0xb4 contiki-sky.a(sicslowpan.o)
 .text.input    0x000000000000664c      0x642 contiki-sky.a(sicslowpan.o)
 .text.sicslowpan_init
                0x0000000000006c8e       0x26 contiki-sky.a(sicslowpan.o)
                0x0000000000006c8e                sicslowpan_init
 .text.addr_context_lookup_by_prefix
                0x0000000000006cb4       0x4c contiki-sky.a(sicslowpan.o)
 .text.send_packet
                0x0000000000006d00       0x1a contiki-sky.a(sicslowpan.o)
 .text.output   0x0000000000006d1a      0x700 contiki-sky.a(sicslowpan.o)
 .text.packet_sent
                0x000000000000741a       0x22 contiki-sky.a(sicslowpan.o)
 .text.process_thread_simple_udp_process
                0x000000000000743c       0xac contiki-sky.a(simple-udp.o)
 .text.simple_udp_sendto
                0x00000000000074e8       0x30 contiki-sky.a(simple-udp.o)
                0x00000000000074e8                simple_udp_sendto
 .text.simple_udp_register
                0x0000000000007518       0x9a contiki-sky.a(simple-udp.o)
                0x0000000000007518                simple_udp_register
 .text.start_periodic_tcp_timer
                0x00000000000075b2       0x16 contiki-sky.a(tcpip.o)
 .text.tcpip_output
                0x00000000000075c8       0x10 contiki-sky.a(tcpip.o)
                0x00000000000075c8                tcpip_output
 .text.tcpip_set_outputfunc
                0x00000000000075d8        0x6 contiki-sky.a(tcpip.o)
                0x00000000000075d8                tcpip_set_outputfunc
 .text.udp_new  0x00000000000075de       0x1a contiki-sky.a(tcpip.o)
                0x00000000000075de                udp_new
 .text.tcpip_input
                0x00000000000075f8       0x16 contiki-sky.a(tcpip.o)
                0x00000000000075f8                tcpip_input
 .text.tcpip_ipv6_output
                0x000000000000760e      0x148 contiki-sky.a(tcpip.o)
                0x000000000000760e                tcpip_ipv6_output
 .text.process_thread_tcpip_process
                0x0000000000007756      0x1d0 contiki-sky.a(tcpip.o)
 .text.tcpip_uipcall
                0x0000000000007926       0x72 contiki-sky.a(tcpip.o)
                0x0000000000007926                tcpip_uipcall
 .text.call_route_callback
                0x0000000000007998       0x4c contiki-sky.a(uip-ds6-route.o)
 .text.uip_ds6_route_init
                0x00000000000079e4       0x2e contiki-sky.a(uip-ds6-route.o)
                0x00000000000079e4                uip_ds6_route_init
 .text.uip_ds6_route_nexthop
                0x0000000000007a12       0x1a contiki-sky.a(uip-ds6-route.o)
                0x0000000000007a12                uip_ds6_route_nexthop
 .text.uip_ds6_route_head
                0x0000000000007a2c       0x28 contiki-sky.a(uip-ds6-route.o)
                0x0000000000007a2c                uip_ds6_route_head
 .text.uip_ds6_route_next
                0x0000000000007a54       0x3a contiki-sky.a(uip-ds6-route.o)
                0x0000000000007a54                uip_ds6_route_next
 .text.uip_ds6_route_lookup
                0x0000000000007a8e       0x5e contiki-sky.a(uip-ds6-route.o)
                0x0000000000007a8e                uip_ds6_route_lookup
 .text.uip_ds6_route_add
                0x0000000000007aec       0xb4 contiki-sky.a(uip-ds6-route.o)
                0x0000000000007aec                uip_ds6_route_add
 .text.uip_ds6_route_rm
                0x0000000000007ba0       0x60 contiki-sky.a(uip-ds6-route.o)
                0x0000000000007ba0                uip_ds6_route_rm
 .text.rm_routelist
                0x0000000000007c00       0x30 contiki-sky.a(uip-ds6-route.o)
 .text.rm_routelist_callback
                0x0000000000007c30        0x6 contiki-sky.a(uip-ds6-route.o)
 .text.uip_ds6_defrt_rm
                0x0000000000007c36       0x48 contiki-sky.a(uip-ds6-route.o)
                0x0000000000007c36                uip_ds6_defrt_rm
 .text.uip_ds6_defrt_lookup
                0x0000000000007c7e       0x36 contiki-sky.a(uip-ds6-route.o)
                0x0000000000007c7e                uip_ds6_defrt_lookup
 .text.uip_ds6_defrt_add
                0x0000000000007cb4       0x74 contiki-sky.a(uip-ds6-route.o)
                0x0000000000007cb4                uip_ds6_defrt_add
 .text.uip_ds6_defrt_choose
                0x0000000000007d28       0x3a contiki-sky.a(uip-ds6-route.o)
                0x0000000000007d28                uip_ds6_defrt_choose
 .text.uip_ds6_defrt_periodic
                0x0000000000007d62       0x38 contiki-sky.a(uip-ds6-route.o)
                0x0000000000007d62                uip_ds6_defrt_periodic
 .text.uip_ds6_nbr_rm
                0x0000000000007d9a       0x1a contiki-sky.a(uip-ds6-nbr.o)
                0x0000000000007d9a                uip_ds6_nbr_rm
 .text.uip_ds6_neighbors_init
                0x0000000000007db4        0xe contiki-sky.a(uip-ds6-nbr.o)
                0x0000000000007db4                uip_ds6_neighbors_init
 .text.uip_ds6_nbr_add
                0x0000000000007dc2       0x60 contiki-sky.a(uip-ds6-nbr.o)
                0x0000000000007dc2                uip_ds6_nbr_add
 .text.uip_ds6_nbr_get_ll
                0x0000000000007e22        0xc contiki-sky.a(uip-ds6-nbr.o)
                0x0000000000007e22                uip_ds6_nbr_get_ll
 .text.uip_ds6_nbr_lookup
                0x0000000000007e2e       0x42 contiki-sky.a(uip-ds6-nbr.o)
                0x0000000000007e2e                uip_ds6_nbr_lookup
 .text.uip_ds6_nbr_ll_lookup
                0x0000000000007e70        0xc contiki-sky.a(uip-ds6-nbr.o)
                0x0000000000007e70                uip_ds6_nbr_ll_lookup
 .text.uip_ds6_nbr_ipaddr_from_lladdr
                0x0000000000007e7c        0x6 contiki-sky.a(uip-ds6-nbr.o)
                0x0000000000007e7c                uip_ds6_nbr_ipaddr_from_lladdr
 .text.uip_ds6_nbr_lladdr_from_ipaddr
                0x0000000000007e82       0x12 contiki-sky.a(uip-ds6-nbr.o)
                0x0000000000007e82                uip_ds6_nbr_lladdr_from_ipaddr
 .text.uip_ds6_link_neighbor_callback
                0x0000000000007e94       0x2a contiki-sky.a(uip-ds6-nbr.o)
                0x0000000000007e94                uip_ds6_link_neighbor_callback
 .text.uip_ds6_neighbor_periodic
                0x0000000000007ebe       0xfc contiki-sky.a(uip-ds6-nbr.o)
                0x0000000000007ebe                uip_ds6_neighbor_periodic
 .text.uip_ds6_list_loop
                0x0000000000007fba       0x86 contiki-sky.a(uip-ds6.o)
                0x0000000000007fba                uip_ds6_list_loop
 .text.uip_ds6_prefix_add
                0x0000000000008040       0x80 contiki-sky.a(uip-ds6.o)
                0x0000000000008040                uip_ds6_prefix_add
 .text.uip_ds6_is_addr_onlink
                0x00000000000080c0       0x54 contiki-sky.a(uip-ds6.o)
                0x00000000000080c0                uip_ds6_is_addr_onlink
 .text.uip_ds6_addr_lookup
                0x0000000000008114       0x2a contiki-sky.a(uip-ds6.o)
                0x0000000000008114                uip_ds6_addr_lookup
 .text.uip_ds6_get_link_local
                0x000000000000813e       0x3e contiki-sky.a(uip-ds6.o)
                0x000000000000813e                uip_ds6_get_link_local
 .text.uip_ds6_maddr_add
                0x000000000000817c       0x4c contiki-sky.a(uip-ds6.o)
                0x000000000000817c                uip_ds6_maddr_add
 .text.uip_ds6_addr_add
                0x00000000000081c8       0xc4 contiki-sky.a(uip-ds6.o)
                0x00000000000081c8                uip_ds6_addr_add
 .text.uip_ds6_maddr_lookup
                0x000000000000828c       0x2a contiki-sky.a(uip-ds6.o)
                0x000000000000828c                uip_ds6_maddr_lookup
 .text.uip_ds6_addr_rm
                0x00000000000082b6       0x54 contiki-sky.a(uip-ds6.o)
                0x00000000000082b6                uip_ds6_addr_rm
 .text.uip_ds6_periodic
                0x000000000000830a       0x4a contiki-sky.a(uip-ds6.o)
                0x000000000000830a                uip_ds6_periodic
 .text.uip_ds6_set_addr_iid
                0x0000000000008354       0x14 contiki-sky.a(uip-ds6.o)
                0x0000000000008354                uip_ds6_set_addr_iid
 .text.get_match_length
                0x0000000000008368       0x3e contiki-sky.a(uip-ds6.o)
                0x0000000000008368                get_match_length
 .text.uip_ds6_select_src
                0x00000000000083a6       0xaa contiki-sky.a(uip-ds6.o)
                0x00000000000083a6                uip_ds6_select_src
 .text.uip_ds6_compute_reachable_time
                0x0000000000008450       0x3e contiki-sky.a(uip-ds6.o)
                0x0000000000008450                uip_ds6_compute_reachable_time
 .text.uip_ds6_init
                0x000000000000848e      0x154 contiki-sky.a(uip-ds6.o)
                0x000000000000848e                uip_ds6_init
 .text.create_llao
                0x00000000000085e2       0x2c contiki-sky.a(uip-nd6.o)
 .text.uip_nd6_ns_input
                0x000000000000860e      0x230 contiki-sky.a(uip-nd6.o)
                0x000000000000860e                uip_nd6_ns_input
 .text.uip_nd6_ns_output
                0x000000000000883e      0x158 contiki-sky.a(uip-nd6.o)
                0x000000000000883e                uip_nd6_ns_output
 .text.uip_nd6_na_input
                0x0000000000008996      0x1b6 contiki-sky.a(uip-nd6.o)
                0x0000000000008996                uip_nd6_na_input
 .text.uip_udp_packet_send
                0x0000000000008b4c       0x2e contiki-sky.a(uip-udp-packet.)
                0x0000000000008b4c                uip_udp_packet_send
 .text.uip_udp_packet_sendto
                0x0000000000008b7a       0x66 contiki-sky.a(uip-udp-packet.)
                0x0000000000008b7a                uip_udp_packet_sendto
 .text.chksum   0x0000000000008be0       0x32 contiki-sky.a(uip6.o)
 .text.upper_layer_chksum
                0x0000000000008c12       0x56 contiki-sky.a(uip6.o)
 .text.ext_hdr_options_process
                0x0000000000008c68       0xda contiki-sky.a(uip6.o)
 .text.uip_add32
                0x0000000000008d42       0x68 contiki-sky.a(uip6.o)
                0x0000000000008d42                uip_add32
 .text.unlikely.uip_add_rcv_nxt
                0x0000000000008daa       0x2e contiki-sky.a(uip6.o)
 .text.uip_icmp6chksum
                0x0000000000008dd8        0xa contiki-sky.a(uip6.o)
                0x0000000000008dd8                uip_icmp6chksum
 .text.uip_tcpchksum
                0x0000000000008de2        0xa contiki-sky.a(uip6.o)
                0x0000000000008de2                uip_tcpchksum
 .text.uip_udpchksum
                0x0000000000008dec        0xa contiki-sky.a(uip6.o)
                0x0000000000008dec                uip_udpchksum
 .text.uip_init
                0x0000000000008df6       0x72 contiki-sky.a(uip6.o)
                0x0000000000008df6                uip_init
 .text.remove_ext_hdr
                0x0000000000008e68       0x5a contiki-sky.a(uip6.o)
                0x0000000000008e68                remove_ext_hdr
 .text.uip_udp_new
                0x0000000000008ec2       0xf4 contiki-sky.a(uip6.o)
                0x0000000000008ec2                uip_udp_new
 .text.uip_unlisten
                0x0000000000008fb6       0x2a contiki-sky.a(uip6.o)
                0x0000000000008fb6                uip_unlisten
 .text.uip_process
                0x0000000000008fe0      0xec6 contiki-sky.a(uip6.o)
                0x0000000000008fe0                uip_process
 .text.uip_htonl
                0x0000000000009ea6       0x2e contiki-sky.a(uip6.o)
                0x0000000000009ea6                uip_htonl
 .text.init_platform
                0x0000000000009ed4        0xc contiki-sky.a(contiki-sky-pla)
                0x0000000000009ed4                init_platform
 .text.status   0x0000000000009ee0       0x16 contiki-sky.a(button-sensor.o)
 .text.configure
                0x0000000000009ef6       0x52 contiki-sky.a(button-sensor.o)
 .text.value    0x0000000000009f48       0x22 contiki-sky.a(button-sensor.o)
 .text.irq_p2   0x0000000000009f6a       0x8a contiki-sky.a(button-sensor.o)
                0x0000000000009f6a                irq_p2
                0x0000000000009f6a                __isr_1
 .text.owreadb  0x0000000000009ff4       0x52 contiki-sky.a(ds2411.o)
 .text.ds2411_init
                0x000000000000a046      0x122 contiki-sky.a(ds2411.o)
                0x000000000000a046                ds2411_init
 .text.wait_ready
                0x000000000000a168       0x50 contiki-sky.a(xmem.o)
 .text.xmem_init
                0x000000000000a1b8       0x3e contiki-sky.a(xmem.o)
                0x000000000000a1b8                xmem_init
 .text.xmem_pread
                0x000000000000a1f6       0xea contiki-sky.a(xmem.o)
                0x000000000000a1f6                xmem_pread
 .text.node_id_restore
                0x000000000000a2e0       0x38 contiki-sky.a(node-id.o)
                0x000000000000a2e0                node_id_restore
 .text.process_thread_sensors_process
                0x000000000000a318       0xbe contiki-sky.a(sensors.o)
 .text.sensors_changed
                0x000000000000a3d6       0x2a contiki-sky.a(sensors.o)
                0x000000000000a3d6                sensors_changed
 .text.strobe   0x000000000000a400       0x20 contiki-sky.a(cc2420.o)
 .text.status   0x000000000000a420       0x26 contiki-sky.a(cc2420.o)
 .text.getreg   0x000000000000a446       0x54 contiki-sky.a(cc2420.o)
 .text.setreg   0x000000000000a49a       0x52 contiki-sky.a(cc2420.o)
 .text.set_txpower
                0x000000000000a4ec       0x26 contiki-sky.a(cc2420.o)
 .text.cc2420_receiving_packet
                0x000000000000a512        0xe contiki-sky.a(cc2420.o)
 .text.pending_packet
                0x000000000000a520        0x8 contiki-sky.a(cc2420.o)
 .text.on       0x000000000000a528       0x40 contiki-sky.a(cc2420.o)
 .text.flushrx  0x000000000000a568       0x7a contiki-sky.a(cc2420.o)
 .text.off      0x000000000000a5e2       0x72 contiki-sky.a(cc2420.o)
 .text.RELEASE_LOCK
                0x000000000000a654       0x28 contiki-sky.a(cc2420.o)
 .text.cc2420_prepare
                0x000000000000a67c       0x8a contiki-sky.a(cc2420.o)
 .text.getrxdata
                0x000000000000a706       0x56 contiki-sky.a(cc2420.o)
 .text.cc2420_on
                0x000000000000a75c       0x22 contiki-sky.a(cc2420.o)
                0x000000000000a75c                cc2420_on
 .text.cc2420_off
                0x000000000000a77e       0x30 contiki-sky.a(cc2420.o)
                0x000000000000a77e                cc2420_off
 .text.cc2420_cca
                0x000000000000a7ae       0x74 contiki-sky.a(cc2420.o)
 .text.cc2420_read
                0x000000000000a822       0xe6 contiki-sky.a(cc2420.o)
 .text.process_thread_cc2420_process
                0x000000000000a908       0x50 contiki-sky.a(cc2420.o)
 .text.cc2420_set_channel
                0x000000000000a958       0x78 contiki-sky.a(cc2420.o)
                0x000000000000a958                cc2420_set_channel
 .text.cc2420_set_pan_addr
                0x000000000000a9d0      0x14a contiki-sky.a(cc2420.o)
                0x000000000000a9d0                cc2420_set_pan_addr
 .text.cc2420_init
                0x000000000000ab1a       0xd0 contiki-sky.a(cc2420.o)
                0x000000000000ab1a                cc2420_init
 .text.cc2420_interrupt
                0x000000000000abea       0x20 contiki-sky.a(cc2420.o)
                0x000000000000abea                cc2420_interrupt
 .text.cc2420_get_txpower
                0x000000000000ac0a       0x1e contiki-sky.a(cc2420.o)
                0x000000000000ac0a                cc2420_get_txpower
 .text.cc2420_transmit
                0x000000000000ac28      0x1a0 contiki-sky.a(cc2420.o)
 .text.cc2420_send
                0x000000000000adc8       0x12 contiki-sky.a(cc2420.o)
 .text.cc2420_port1_interrupt
                0x000000000000adda       0x62 contiki-sky.a(cc2420-arch.o)
                0x000000000000adda                __isr_4
                0x000000000000adda                cc2420_port1_interrupt
 .text.cc2420_arch_init
                0x000000000000ae3c       0x1a contiki-sky.a(cc2420-arch.o)
                0x000000000000ae3c                cc2420_arch_init
 .text.uart1_active
                0x000000000000ae56       0x1a contiki-sky.a(uart1.o)
                0x000000000000ae56                uart1_active
 .text.uart1_writeb
                0x000000000000ae70       0x1a contiki-sky.a(uart1.o)
                0x000000000000ae70                uart1_writeb
 .text.uart1_init
                0x000000000000ae8a       0xf6 contiki-sky.a(uart1.o)
                0x000000000000ae8a                uart1_init
 .text.putchar  0x000000000000af80       0x10 contiki-sky.a(uart1-putchar.o)
                0x000000000000af80                putchar
 .text.msp430_init_dco
                0x000000000000af90       0x84 contiki-sky.a(msp430.o)
                0x000000000000af90                msp430_init_dco
 .text.msp430_add_lpm_req
                0x000000000000b014        0xc contiki-sky.a(msp430.o)
                0x000000000000b014                msp430_add_lpm_req
 .text.msp430_cpu_init
                0x000000000000b020       0x2a contiki-sky.a(msp430.o)
                0x000000000000b020                msp430_cpu_init
 .text.splhigh_
                0x000000000000b04a        0x8 contiki-sky.a(msp430.o)
                0x000000000000b04a                splhigh_
 .text.msp430_sync_dco
                0x000000000000b052       0x68 contiki-sky.a(msp430.o)
                0x000000000000b052                msp430_sync_dco
 .text.timera1  0x000000000000b0ba       0xfe contiki-sky.a(clock.o)
                0x000000000000b0ba                __isr_5
                0x000000000000b0ba                timera1
 .text.clock_time
                0x000000000000b1b8       0x1a contiki-sky.a(clock.o)
                0x000000000000b1b8                clock_time
 .text.clock_init
                0x000000000000b1d2       0x28 contiki-sky.a(clock.o)
                0x000000000000b1d2                clock_init
 .text.clock_delay
                0x000000000000b1fa        0xc contiki-sky.a(clock.o)
                0x000000000000b1fa                clock_delay
 .text.clock_seconds
                0x000000000000b206       0x1a contiki-sky.a(clock.o)
                0x000000000000b206                clock_seconds
 .text.show_leds
                0x000000000000b220      0x100 contiki-sky.a(leds.o)
 .text.leds_init
                0x000000000000b320        0xe contiki-sky.a(leds.o)
                0x000000000000b320                leds_init
 .text.leds_on  0x000000000000b32e       0x14 contiki-sky.a(leds.o)
                0x000000000000b32e                leds_on
 .text.leds_off
                0x000000000000b342       0x14 contiki-sky.a(leds.o)
                0x000000000000b342                leds_off
 .text.leds_arch_init
                0x000000000000b356        0xe contiki-sky.a(leds-arch.o)
                0x000000000000b356                leds_arch_init
 .text.leds_arch_set
                0x000000000000b364       0x3a contiki-sky.a(leds-arch.o)
                0x000000000000b364                leds_arch_set
 .text.watchdog_interrupt
                0x000000000000b39e        0x6 contiki-sky.a(watchdog.o)
                0x000000000000b39e                __isr_10
                0x000000000000b39e                watchdog_interrupt
 .text.watchdog_start
                0x000000000000b3a4       0x14 contiki-sky.a(watchdog.o)
                0x000000000000b3a4                watchdog_start
 .text.watchdog_periodic
                0x000000000000b3b8       0x12 contiki-sky.a(watchdog.o)
                0x000000000000b3b8                watchdog_periodic
 .text.watchdog_stop
                0x000000000000b3ca       0x16 contiki-sky.a(watchdog.o)
                0x000000000000b3ca                watchdog_stop
 .text.watchdog_init
                0x000000000000b3e0       0x14 contiki-sky.a(watchdog.o)
                0x000000000000b3e0                watchdog_init
 .text.rtimer_arch_init
                0x000000000000b3f4        0xe contiki-sky.a(rtimer-arch.o)
                0x000000000000b3f4                rtimer_arch_init
 .text.rtimer_arch_now
                0x000000000000b402        0xe contiki-sky.a(rtimer-arch.o)
                0x000000000000b402                rtimer_arch_now
 .text.timera0  0x000000000000b410       0x70 contiki-sky.a(rtimer-arch.o)
                0x000000000000b410                __isr_6
                0x000000000000b410                timera0
 .text.rtimer_arch_schedule
                0x000000000000b480        0x6 contiki-sky.a(rtimer-arch.o)
                0x000000000000b480                rtimer_arch_schedule
 .text.mac_call_sent_callback
                0x000000000000b486       0x14 contiki-sky.a(mac.o)
                0x000000000000b486                mac_call_sent_callback
 .text.parse    0x000000000000b49a       0xaa contiki-sky.a(framer-802154.o)
 .text.create   0x000000000000b544      0x10e contiki-sky.a(framer-802154.o)
 .text.rpl_purge_routes
                0x000000000000b652       0x96 contiki-sky.a(rpl.o)
                0x000000000000b652                rpl_purge_routes
 .text.rpl_remove_routes
                0x000000000000b6e8       0x22 contiki-sky.a(rpl.o)
                0x000000000000b6e8                rpl_remove_routes
 .text.rpl_remove_routes_by_nexthop
                0x000000000000b70a       0x46 contiki-sky.a(rpl.o)
                0x000000000000b70a                rpl_remove_routes_by_nexthop
 .text.rpl_add_route
                0x000000000000b750       0x44 contiki-sky.a(rpl.o)
                0x000000000000b750                rpl_add_route
 .text.rpl_link_neighbor_callback
                0x000000000000b794       0x6a contiki-sky.a(rpl.o)
                0x000000000000b794                rpl_link_neighbor_callback
 .text.rpl_ipv6_neighbor_callback
                0x000000000000b7fe       0x1e contiki-sky.a(rpl.o)
                0x000000000000b7fe                rpl_ipv6_neighbor_callback
 .text.rpl_init
                0x000000000000b81c       0x40 contiki-sky.a(rpl.o)
                0x000000000000b81c                rpl_init
 .text.lollipop_greater_than
                0x000000000000b85c       0x44 contiki-sky.a(rpl-dag.o)
 .text.acceptable_rank
                0x000000000000b8a0       0x50 contiki-sky.a(rpl-dag.o)
 .text.find_parent_any_dag_any_instance
                0x000000000000b8f0       0x14 contiki-sky.a(rpl-dag.o)
 .text.rpl_set_preferred_parent
                0x000000000000b904       0x30 contiki-sky.a(rpl-dag.o)
 .text.set_ip_from_prefix
                0x000000000000b934       0x38 contiki-sky.a(rpl-dag.o)
 .text.check_prefix
                0x000000000000b96c       0x80 contiki-sky.a(rpl-dag.o)
 .text.rpl_dag_init
                0x000000000000b9ec        0xe contiki-sky.a(rpl-dag.o)
                0x000000000000b9ec                rpl_dag_init
 .text.rpl_get_parent_ipaddr
                0x000000000000b9fa       0x10 contiki-sky.a(rpl-dag.o)
                0x000000000000b9fa                rpl_get_parent_ipaddr
 .text.rpl_set_prefix
                0x000000000000ba0a       0x8e contiki-sky.a(rpl-dag.o)
                0x000000000000ba0a                rpl_set_prefix
 .text.rpl_set_default_route
                0x000000000000ba98       0x5a contiki-sky.a(rpl-dag.o)
                0x000000000000ba98                rpl_set_default_route
 .text.rpl_alloc_instance
                0x000000000000baf2       0x2c contiki-sky.a(rpl-dag.o)
                0x000000000000baf2                rpl_alloc_instance
 .text.rpl_add_parent
                0x000000000000bb1e       0x3c contiki-sky.a(rpl-dag.o)
                0x000000000000bb1e                rpl_add_parent
 .text.rpl_find_parent
                0x000000000000bb5a       0x1a contiki-sky.a(rpl-dag.o)
                0x000000000000bb5a                rpl_find_parent
 .text.rpl_find_parent_any_dag
                0x000000000000bb74       0x22 contiki-sky.a(rpl-dag.o)
                0x000000000000bb74                rpl_find_parent_any_dag
 .text.rpl_select_parent
                0x000000000000bb96       0x5c contiki-sky.a(rpl-dag.o)
                0x000000000000bb96                rpl_select_parent
 .text.rpl_select_dag
                0x000000000000bbf2      0x182 contiki-sky.a(rpl-dag.o)
                0x000000000000bbf2                rpl_select_dag
 .text.rpl_nullify_parent
                0x000000000000bd74       0x4e contiki-sky.a(rpl-dag.o)
                0x000000000000bd74                rpl_nullify_parent
 .text.rpl_remove_parent
                0x000000000000bdc2       0x16 contiki-sky.a(rpl-dag.o)
                0x000000000000bdc2                rpl_remove_parent
 .text.remove_parents.constprop.2
                0x000000000000bdd8       0x32 contiki-sky.a(rpl-dag.o)
 .text.rpl_free_dag
                0x000000000000be0a       0x36 contiki-sky.a(rpl-dag.o)
                0x000000000000be0a                rpl_free_dag
 .text.rpl_free_instance
                0x000000000000be40       0x5c contiki-sky.a(rpl-dag.o)
                0x000000000000be40                rpl_free_instance
 .text.rpl_move_parent
                0x000000000000be9c       0x6e contiki-sky.a(rpl-dag.o)
                0x000000000000be9c                rpl_move_parent
 .text.rpl_get_any_dag
                0x000000000000bf0a       0x18 contiki-sky.a(rpl-dag.o)
                0x000000000000bf0a                rpl_get_any_dag
 .text.rpl_get_instance
                0x000000000000bf22       0x1a contiki-sky.a(rpl-dag.o)
                0x000000000000bf22                rpl_get_instance
 .text.get_dag  0x000000000000bf3c       0x56 contiki-sky.a(rpl-dag.o)
 .text.rpl_alloc_dag
                0x000000000000bf92       0x66 contiki-sky.a(rpl-dag.o)
                0x000000000000bf92                rpl_alloc_dag
 .text.rpl_repair_root
                0x000000000000bff8       0x50 contiki-sky.a(rpl-dag.o)
                0x000000000000bff8                rpl_repair_root
 .text.rpl_find_of
                0x000000000000c048       0x10 contiki-sky.a(rpl-dag.o)
                0x000000000000c048                rpl_find_of
 .text.rpl_join_instance
                0x000000000000c058      0x13c contiki-sky.a(rpl-dag.o)
                0x000000000000c058                rpl_join_instance
 .text.rpl_local_repair
                0x000000000000c194       0x7c contiki-sky.a(rpl-dag.o)
                0x000000000000c194                rpl_local_repair
 .text.rpl_process_parent_event
                0x000000000000c210       0x4e contiki-sky.a(rpl-dag.o)
                0x000000000000c210                rpl_process_parent_event
 .text.rpl_recalculate_ranks
                0x000000000000c25e       0x42 contiki-sky.a(rpl-dag.o)
                0x000000000000c25e                rpl_recalculate_ranks
 .text.rpl_add_dag
                0x000000000000c2a0      0x112 contiki-sky.a(rpl-dag.o)
                0x000000000000c2a0                rpl_add_dag
 .text.rpl_process_dio
                0x000000000000c3b2      0x26c contiki-sky.a(rpl-dag.o)
                0x000000000000c3b2                rpl_process_dio
 .text.get32    0x000000000000c61e       0x46 contiki-sky.a(rpl-icmp6.o)
 .text.set32    0x000000000000c664       0x2a contiki-sky.a(rpl-icmp6.o)
 .text.get16    0x000000000000c68e        0xe contiki-sky.a(rpl-icmp6.o)
 .text.set16    0x000000000000c69c       0x10 contiki-sky.a(rpl-icmp6.o)
 .text.dis_output
                0x000000000000c6ac       0x50 contiki-sky.a(rpl-icmp6.o)
                0x000000000000c6ac                dis_output
 .text.dio_output
                0x000000000000c6fc      0x264 contiki-sky.a(rpl-icmp6.o)
                0x000000000000c6fc                dio_output
 .text.dao_output_target
                0x000000000000c960       0xe2 contiki-sky.a(rpl-icmp6.o)
                0x000000000000c960                dao_output_target
 .text.dao_output
                0x000000000000ca42       0x80 contiki-sky.a(rpl-icmp6.o)
                0x000000000000ca42                dao_output
 .text.dao_ack_output
                0x000000000000cac2       0x32 contiki-sky.a(rpl-icmp6.o)
                0x000000000000cac2                dao_ack_output
 .text.uip_rpl_input
                0x000000000000caf4      0x538 contiki-sky.a(rpl-icmp6.o)
                0x000000000000caf4                uip_rpl_input
 .text.new_dio_interval
                0x000000000000d02c       0x92 contiki-sky.a(rpl-timers.o)
 .text.handle_periodic_timer
                0x000000000000d0be       0x2e contiki-sky.a(rpl-timers.o)
 .text.handle_dao_timer
                0x000000000000d0ec       0x50 contiki-sky.a(rpl-timers.o)
 .text.handle_dio_timer
                0x000000000000d13c       0x82 contiki-sky.a(rpl-timers.o)
 .text.rpl_reset_periodic_timer
                0x000000000000d1be       0x60 contiki-sky.a(rpl-timers.o)
                0x000000000000d1be                rpl_reset_periodic_timer
 .text.rpl_reset_dio_timer
                0x000000000000d21e       0x18 contiki-sky.a(rpl-timers.o)
                0x000000000000d21e                rpl_reset_dio_timer
 .text.rpl_schedule_dao
                0x000000000000d236       0x50 contiki-sky.a(rpl-timers.o)
                0x000000000000d236                rpl_schedule_dao
 .text.reset    0x000000000000d286        0x2 contiki-sky.a(rpl-mrhof.o)
 .text.neighbor_link_callback
                0x000000000000d288       0x8a contiki-sky.a(rpl-mrhof.o)
 .text.calculate_rank
                0x000000000000d312       0x30 contiki-sky.a(rpl-mrhof.o)
 .text.best_parent
                0x000000000000d342       0x52 contiki-sky.a(rpl-mrhof.o)
 .text.update_metric_container
                0x000000000000d394        0x6 contiki-sky.a(rpl-mrhof.o)
 .text.best_dag
                0x000000000000d39a       0x34 contiki-sky.a(rpl-mrhof.o)
 .text.rpl_verify_header
                0x000000000000d3ce       0xbc contiki-sky.a(rpl-ext-header.)
                0x000000000000d3ce                rpl_verify_header
 .text.rpl_update_header_empty
                0x000000000000d48a       0xf0 contiki-sky.a(rpl-ext-header.)
                0x000000000000d48a                rpl_update_header_empty
 .text.rpl_update_header_final
                0x000000000000d57a       0x86 contiki-sky.a(rpl-ext-header.)
                0x000000000000d57a                rpl_update_header_final
 .text.rpl_invert_header
                0x000000000000d600       0x4c contiki-sky.a(rpl-ext-header.)
                0x000000000000d600                rpl_invert_header
 .text.rpl_insert_header
                0x000000000000d64c       0x1c contiki-sky.a(rpl-ext-header.)
                0x000000000000d64c                rpl_insert_header
 .text.stimer_set
                0x000000000000d668       0x1c contiki-sky.a(stimer.o)
                0x000000000000d668                stimer_set
 .text.stimer_expired
                0x000000000000d684       0x30 contiki-sky.a(stimer.o)
                0x000000000000d684                stimer_expired
 .text.uip_icmp6_echo_request_input
                0x000000000000d6b4      0x12c contiki-sky.a(uip-icmp6.o)
                0x000000000000d6b4                uip_icmp6_echo_request_input
 .text.uip_icmp6_error_output
                0x000000000000d7e0      0x17a contiki-sky.a(uip-icmp6.o)
                0x000000000000d7e0                uip_icmp6_error_output
 .text.uip_icmp6_send
                0x000000000000d95a       0x96 contiki-sky.a(uip-icmp6.o)
                0x000000000000d95a                uip_icmp6_send
 .text.spi_init
                0x000000000000d9f0       0x32 contiki-sky.a(spi.o)
                0x000000000000d9f0                spi_init
 .text.field_len
                0x000000000000da22       0x98 contiki-sky.a(frame802154.o)
 .text.frame802154_hdrlen
                0x000000000000daba       0x2e contiki-sky.a(frame802154.o)
                0x000000000000daba                frame802154_hdrlen
 .text.frame802154_create
                0x000000000000dae8      0x172 contiki-sky.a(frame802154.o)
                0x000000000000dae8                frame802154_create
 .text.frame802154_parse
                0x000000000000dc5a      0x1e8 contiki-sky.a(frame802154.o)
                0x000000000000dc5a                frame802154_parse
 .text.libgcc   0x000000000000de42       0x2c /usr/lib/gcc/msp430/4.6.3/mmpy-16/libgcc.a(_mulsi3.o)
                0x000000000000de42                __mulsi3
 .text.libgcc   0x000000000000de6e       0x22 /usr/lib/gcc/msp430/4.6.3/mmpy-16/libgcc.a(_udivmod16.o)
                0x000000000000de6e                __udivhi3
                0x000000000000de6e                __ext_udivmod16
                0x000000000000de88                __umodhi3
 .text.libgcc   0x000000000000de90       0x3a /usr/lib/gcc/msp430/4.6.3/mmpy-16/libgcc.a(_divmod16.o)
                0x000000000000de90                __ext_divmod16
                0x000000000000de90                __divhi3
                0x000000000000dec2                __modhi3
 .text.libgcc   0x000000000000deca       0x40 /usr/lib/gcc/msp430/4.6.3/mmpy-16/libgcc.a(_udivmod32.o)
                0x000000000000deca                __udivsi3
                0x000000000000deca                __ext_udivmod32
                0x000000000000df00                __umodsi3
 .text          0x000000000000df0a       0x20 /usr/lib/gcc/msp430/4.6.3/../../../../msp430/lib/mmpy-16/libc.a(memcmp.o)
                0x000000000000df0a                memcmp
 .text          0x000000000000df2a       0xfa /usr/lib/gcc/msp430/4.6.3/../../../../msp430/lib/mmpy-16/libc.a(memcpy.o)
                0x000000000000df2a                memcpy
 .text          0x000000000000e024       0xfa /usr/lib/gcc/msp430/4.6.3/../../../../msp430/lib/mmpy-16/libc.a(memmove.o)
                0x000000000000e024                memmove
 .text          0x000000000000e11e       0x6a /usr/lib/gcc/msp430/4.6.3/../../../../msp430/lib/mmpy-16/libc.a(memset.o)
                0x000000000000e11e                memset
 .text          0x000000000000e188       0x1e /usr/lib/gcc/msp430/4.6.3/../../../../msp430/lib/mmpy-16/libc.a(printf.o)
                0x000000000000e188                printf
                0x000000000000e198                vprintf
 .text          0x000000000000e1a6      0x836 /usr/lib/gcc/msp430/4.6.3/../../../../msp430/lib/mmpy-16/libc.a(vuprintf.o)
                0x000000000000e33e                vuprintf
 .text          0x000000000000e9dc       0x2c /usr/lib/gcc/msp430/4.6.3/../../../../msp430/lib/mmpy-16/libc.a(puts.o)
                0x000000000000e9dc                puts
 .text          0x000000000000ea08       0x54 /usr/lib/gcc/msp430/4.6.3/../../../../msp430/lib/mmpy-16/libc.a(rand.o)
                0x000000000000ea08                rand_r
                0x000000000000ea2c                rand
                0x000000000000ea52                srand
 .text.libgcc   0x000000000000ea5c       0xf0 /usr/lib/gcc/msp430/4.6.3/mmpy-16/libgcc.a(_udivmod64.o)
                0x000000000000ea5c                __xabi_udivmod64
                0x000000000000eaba                __udivdi3
                0x000000000000eae0                __umoddi3
                0x000000000000eb0e                __udivmoddi4
 .text.crt0     0x000000000000eb4c        0x2 /usr/lib/gcc/msp430/4.6.3/mmpy-16/libcrt0.a(_unexpected_.o)
                0x000000000000eb4c                _unexpected_
                0x000000000000eb4e                . = ALIGN (0x2)

.rodata         0x000000000000eb4e      0x252
                0x000000000000eb4e                . = ALIGN (0x2)
 *(.rodata .rodata.* .gnu.linkonce.r.*)
 .rodata        0x000000000000eb4e       0x46 ping-blink.co
                0x000000000000eb72                autostart_processes
 .rodata        0x000000000000eb94      0x10b obj_sky/contiki-sky-main.o
 *fill*         0x000000000000ec9f        0x1 00
 .rodata        0x000000000000eca0        0x8 contiki-sky.a(rimeaddr.o)
                0x000000000000eca0                rimeaddr_null
 .rodata        0x000000000000eca8       0x14 contiki-sky.a(csma.o)
                0x000000000000ecae                csma_driver
 .rodata        0x000000000000ecbc       0x1c contiki-sky.a(contikimac.o)
                0x000000000000ecc8                contikimac_driver
 .rodata        0x000000000000ecd8        0xc contiki-sky.a(etimer.o)
 .rodata        0x000000000000ece4        0xf contiki-sky.a(ctimer.o)
 *fill*         0x000000000000ecf3        0x1 00
 .rodata        0x000000000000ecf4       0x24 contiki-sky.a(sicslowpan.o)
                0x000000000000ed00                sicslowpan_driver
                0x000000000000ed06                llprefix
                0x000000000000ed08                unc_mxconf
                0x000000000000ed0c                unc_ctxconf
                0x000000000000ed10                unc_llconf
 .rodata        0x000000000000ed18       0x13 contiki-sky.a(simple-udp.o)
 .rodata        0x000000000000ed2b        0xd contiki-sky.a(tcpip.o)
 .rodata        0x000000000000ed38       0x20 contiki-sky.a(uip6.o)
 .rodata        0x000000000000ed58       0x10 contiki-sky.a(button-sensor.o)
                0x000000000000ed60                button_sensor
 .rodata        0x000000000000ed68        0x8 contiki-sky.a(sensors.o)
 .rodata        0x000000000000ed70       0x22 contiki-sky.a(cc2420.o)
                0x000000000000ed70                cc2420_driver
 .rodata        0x000000000000ed92        0x4 contiki-sky.a(framer-802154.o)
                0x000000000000ed92                framer_802154
 .rodata        0x000000000000ed96        0x2 contiki-sky.a(frame802154.o)
 .rodata        0x000000000000ed98        0x7 /usr/lib/gcc/msp430/4.6.3/../../../../msp430/lib/mmpy-16/libc.a(vuprintf.o)
                0x000000000000eda0                . = ALIGN (0x2)
 *fill*         0x000000000000ed9f        0x1 00
                0x000000000000eda0                _etext = .

.data           0x0000000000001100       0xdc load address 0x000000000000eda0
                0x0000000000001100                . = ALIGN (0x2)
                0x0000000000001100                PROVIDE (__data_start, .)
 *(.data .data.* .gnu.linkonce.d.*)
 .data          0x0000000000001100       0x14 ping-blink.co
                0x0000000000001100                blink_process
                0x000000000000110a                ping_process
 .data          0x0000000000001114       0x18 contiki-sky.a(csma.o)
 .data          0x000000000000112c       0x10 contiki-sky.a(phase.o)
 .data          0x000000000000113c        0xa contiki-sky.a(etimer.o)
                0x000000000000113c                etimer_process
 .data          0x0000000000001146        0xa contiki-sky.a(ctimer.o)
                0x0000000000001146                ctimer_process
 .data          0x0000000000001150        0x8 contiki-sky.a(nbr-table.o)
 .data          0x0000000000001158       0x18 contiki-sky.a(queuebuf.o)
 .data          0x0000000000001170        0xa contiki-sky.a(simple-udp.o)
                0x0000000000001170                simple_udp_process
 .data          0x000000000000117a        0xa contiki-sky.a(tcpip.o)
                0x000000000000117a                tcpip_process
 .data          0x0000000000001184       0x18 contiki-sky.a(uip-ds6-route.o)
 .data          0x000000000000119c        0xa contiki-sky.a(uip-ds6-nbr.o)
                0x000000000000119c                ds6_neighbors
 .data          0x00000000000011a6        0x4 contiki-sky.a(contiki-sky-pla)
                0x00000000000011a6                sensors
 .data          0x00000000000011aa        0xa contiki-sky.a(sensors.o)
                0x00000000000011aa                sensors_process
 .data          0x00000000000011b4        0xa contiki-sky.a(cc2420.o)
                0x00000000000011b4                cc2420_process
 .data          0x00000000000011be        0x2 contiki-sky.a(msp430.o)
 .data          0x00000000000011c0        0x8 contiki-sky.a(rpl-dag.o)
 .data          0x00000000000011c8        0x1 contiki-sky.a(rpl-icmp6.o)
 *fill*         0x00000000000011c9        0x1 00
 .data          0x00000000000011ca        0xe contiki-sky.a(rpl-mrhof.o)
                0x00000000000011ca                rpl_mrhof
 .data          0x00000000000011d8        0x4 /usr/lib/gcc/msp430/4.6.3/../../../../msp430/lib/mmpy-16/libc.a(rand.o)
                0x00000000000011dc                . = ALIGN (0x2)
                0x00000000000011dc                _edata = .
                0x000000000000eda0                PROVIDE (__data_load_start, LOADADDR (.data))
                0x00000000000000dc                PROVIDE (__data_size, SIZEOF (.data))

.bss            0x00000000000011dc     0x1ce2 load address 0x000000000000ee7c
                0x00000000000011dc                PROVIDE (__bss_start, .)
 *(.bss .bss.*)
 .bss           0x00000000000011dc       0x22 ping-blink.co
 .bss           0x00000000000011fe        0xc obj_sky/contiki-sky-main.o
 .bss           0x000000000000120a       0xc2 contiki-sky.a(csma.o)
 .bss           0x00000000000012cc       0xd4 contiki-sky.a(contikimac.o)
 .bss           0x00000000000013a0      0x1d8 contiki-sky.a(phase.o)
 .bss           0x0000000000001578       0x42 contiki-sky.a(process.o)
                0x0000000000001578                process_current
                0x000000000000157a                process_list
 .bss           0x00000000000015ba        0x8 contiki-sky.a(compower.o)
 .bss           0x00000000000015c2        0x6 contiki-sky.a(etimer.o)
 .bss           0x00000000000015c8        0x4 contiki-sky.a(ctimer.o)
 .bss           0x00000000000015cc        0x2 contiki-sky.a(rtimer.o)
 .bss           0x00000000000015ce      0x118 contiki-sky.a(nbr-table.o)
 .bss           0x00000000000016e6       0xba contiki-sky.a(packetbuf.o)
 .bss           0x00000000000017a0      0x71e contiki-sky.a(queuebuf.o)
 .bss           0x0000000000001ebe      0x122 contiki-sky.a(sicslowpan.o)
 .bss           0x0000000000001fe0       0xf2 contiki-sky.a(simple-udp.o)
 .bss           0x00000000000020d2       0x36 contiki-sky.a(tcpip.o)
 .bss           0x0000000000002108      0x2fc contiki-sky.a(uip-ds6-route.o)
 .bss           0x0000000000002404      0x2d0 contiki-sky.a(uip-ds6-nbr.o)
 .bss           0x00000000000026d4       0x18 contiki-sky.a(uip-ds6.o)
 .bss           0x00000000000026ec        0xa contiki-sky.a(uip-nd6.o)
 .bss           0x00000000000026f6       0x12 contiki-sky.a(uip6.o)
                0x00000000000026f6                uip_ext_opt_offset
                0x00000000000026f8                uip_ext_len
                0x00000000000026fa                uip_ext_bitmap
 .bss           0x0000000000002708        0x8 contiki-sky.a(button-sensor.o)
 .bss           0x0000000000002710        0x2 contiki-sky.a(node-id.o)
                0x0000000000002710                node_id
 .bss           0x0000000000002712        0x6 contiki-sky.a(sensors.o)
 .bss           0x0000000000002718        0xa contiki-sky.a(cc2420.o)
 .bss           0x0000000000002722       0x9a contiki-sky.a(uart1.o)
 .bss           0x00000000000027bc        0xa contiki-sky.a(clock.o)
 .bss           0x00000000000027c6        0x2 contiki-sky.a(leds.o)
 .bss           0x00000000000027c8        0x2 contiki-sky.a(watchdog.o)
 .bss           0x00000000000027ca        0x2 contiki-sky.a(framer-802154.o)
 .bss           0x00000000000027cc       0xc8 contiki-sky.a(rpl-dag.o)
 .bss           0x0000000000002894       0x18 contiki-sky.a(rpl-timers.o)
 .bss           0x00000000000028ac       0x10 contiki-sky.a(uip-icmp6.o)
 *(COMMON)
 COMMON         0x00000000000028bc        0x8 contiki-sky.a(rimeaddr.o)
                0x00000000000028bc                rimeaddr_node_addr
 COMMON         0x00000000000028c4        0x1 contiki-sky.a(process.o)
                0x00000000000028c4                process_maxevents
 *fill*         0x00000000000028c5        0x1 00
 COMMON         0x00000000000028c6        0x8 contiki-sky.a(compower.o)
                0x00000000000028c6                compower_idle_activity
 COMMON         0x00000000000028ce       0x56 contiki-sky.a(energest.o)
                0x00000000000028ce                energest_total_time
                0x00000000000028fe                energest_total_count
                0x0000000000002900                energest_current_mode
                0x000000000000290c                energest_current_time
 COMMON         0x0000000000002924       0x50 contiki-sky.a(packetbuf.o)
                0x0000000000002924                packetbuf_addrs
                0x0000000000002944                packetbuf_attrs
 COMMON         0x0000000000002974        0x8 contiki-sky.a(sicslowpan.o)
                0x0000000000002974                frag_sender
 COMMON         0x000000000000297c        0x1 contiki-sky.a(tcpip.o)
                0x000000000000297c                tcpip_event
 *fill*         0x000000000000297d        0x1 00
 COMMON         0x000000000000297e      0x15c contiki-sky.a(uip-ds6.o)
                0x000000000000297e                uip_ds6_timer_ra
                0x0000000000002986                uip_ds6_if
                0x0000000000002a72                uip_ds6_netif_addr_list_offset
                0x0000000000002a73                uip_ds6_addr_size
                0x0000000000002a74                uip_ds6_prefix_list
                0x0000000000002ace                uip_ds6_timer_periodic
 COMMON         0x0000000000002ada      0x304 contiki-sky.a(uip6.o)
                0x0000000000002ada                uip_len
                0x0000000000002adc                uip_sappdata
                0x0000000000002ade                uip_acc32
                0x0000000000002ae2                uip_lladdr
                0x0000000000002aea                uip_aligned_buf
                0x0000000000002bda                uip_flags
                0x0000000000002bdc                uip_next_hdr
                0x0000000000002bde                uip_udp_conn
                0x0000000000002be0                uip_appdata
                0x0000000000002be2                uip_conn
                0x0000000000002be4                uip_conns
                0x0000000000002c94                uip_listenports
                0x0000000000002ca4                uip_slen
                0x0000000000002ca6                uip_udp_conns
 COMMON         0x0000000000002dde        0x2 contiki-sky.a(contiki-sky-pla)
                0x0000000000002dde                sensors_flags
 COMMON         0x0000000000002de0        0x8 contiki-sky.a(ds2411.o)
                0x0000000000002de0                ds2411_id
 COMMON         0x0000000000002de8        0x1 contiki-sky.a(sensors.o)
                0x0000000000002de8                sensors_event
 *fill*         0x0000000000002de9        0x1 00
 COMMON         0x0000000000002dea       0x14 contiki-sky.a(cc2420.o)
                0x0000000000002dea                cc2420_last_rssi
                0x0000000000002dec                cc2420_packets_read
                0x0000000000002dee                cc2420_packets_seen
                0x0000000000002df0                cc2420_sfd_start_time
                0x0000000000002df2                cc2420_time_of_departure
                0x0000000000002df4                cc2420_time_of_arrival
                0x0000000000002df6                cc2420_last_correlation
                0x0000000000002df8                cc2420_authority_level_of_sender
                0x0000000000002dfa                cc2420_sfd_counter
                0x0000000000002dfc                cc2420_sfd_end_time
 COMMON         0x0000000000002dfe        0x2 contiki-sky.a(msp430.o)
                0x0000000000002dfe                msp430_dco_required
 COMMON         0x0000000000002e00       0xbe contiki-sky.a(rpl-dag.o)
                0x0000000000002e00                default_instance
                0x0000000000002e02                instance_table
                0x0000000000002ebe                . = ALIGN (0x2)
                0x0000000000002ebe                PROVIDE (__bss_end, .)
                0x0000000000001ce2                PROVIDE (__bss_size, SIZEOF (.bss))

.noinit         0x0000000000002ebe        0x2 load address 0x000000000000ee7c
                0x0000000000002ebe                PROVIDE (__noinit_start, .)
 *(.noinit .noinit.*)
 .noinit.crt0   0x0000000000002ebe        0x2 /usr/lib/gcc/msp430/4.6.3/mmpy-16/libcrt0.a(__watchdog_support.o)
                0x0000000000002ebe                __wdt_clear_value
                0x0000000000002ec0                . = ALIGN (0x2)
                0x0000000000002ec0                PROVIDE (__noinit_end, .)
                0x0000000000002ec0                . = ALIGN (0x2)
                0x0000000000002ec0                _end = .

.infomem        0x0000000000001000        0x0
 *(.infomem)
                0x0000000000001000                . = ALIGN (0x2)
 *(.infomem.*)

.infomemnobits  0x0000000000001000        0x0
 *(.infomemnobits)
                0x0000000000001000                . = ALIGN (0x2)
 *(.infomemnobits.*)

.infoa
 *(.infoa .infoa.*)

.infob
 *(.infob .infob.*)

.infoc
 *(.infoc .infoc.*)

.infod
 *(.infod .infod.*)

.vectors        0x000000000000ffe0       0x20
                0x000000000000ffe0                PROVIDE (__vectors_start, .)
 *(.vectors*)
 .vectors       0x000000000000ffe0       0x20 /usr/lib/gcc/msp430/4.6.3/mmpy-16/crt0ivtbl16.o
                0x000000000000ffe0                __ivtbl_16
                0x0000000000010000                _vectors_end = .

.fartext        0x0000000000000000        0x0
                0x0000000000000000                . = ALIGN (0x2)
 *(.fartext)
                0x0000000000000000                . = ALIGN (0x2)
 *(.fartext.*)
                0x0000000000000000                _efartext = .

.profiler
 *(.profiler)

.stab
 *(.stab)

.stabstr
 *(.stabstr)

.stab.excl
 *(.stab.excl)

.stab.exclstr
 *(.stab.exclstr)

.stab.index
 *(.stab.index)

.stab.indexstr
 *(.stab.indexstr)

.comment
 *(.comment)

.debug
 *(.debug)

.line
 *(.line)

.debug_srcinfo
 *(.debug_srcinfo)

.debug_sfnames
 *(.debug_sfnames)

.debug_aranges  0x0000000000000000      0x190
 *(.debug_aranges)
 .debug_aranges
                0x0000000000000000       0x14 /usr/lib/gcc/msp430/4.6.3/mmpy-16/libgcc.a(_mulsi3.o)
 .debug_aranges
                0x0000000000000014       0x14 /usr/lib/gcc/msp430/4.6.3/mmpy-16/libgcc.a(_udivmod16.o)
 .debug_aranges
                0x0000000000000028       0x14 /usr/lib/gcc/msp430/4.6.3/mmpy-16/libgcc.a(_divmod16.o)
 .debug_aranges
                0x000000000000003c       0x14 /usr/lib/gcc/msp430/4.6.3/mmpy-16/libgcc.a(_udivmod32.o)
 .debug_aranges
                0x0000000000000050       0x14 /usr/lib/gcc/msp430/4.6.3/../../../../msp430/lib/mmpy-16/libc.a(strncmp.o)
 .debug_aranges
                0x0000000000000064       0x14 /usr/lib/gcc/msp430/4.6.3/../../../../msp430/lib/mmpy-16/libc.a(memcmp.o)
 .debug_aranges
                0x0000000000000078       0x14 /usr/lib/gcc/msp430/4.6.3/../../../../msp430/lib/mmpy-16/libc.a(memcpy.o)
 .debug_aranges
                0x000000000000008c       0x14 /usr/lib/gcc/msp430/4.6.3/../../../../msp430/lib/mmpy-16/libc.a(memmove.o)
 .debug_aranges
                0x00000000000000a0       0x14 /usr/lib/gcc/msp430/4.6.3/../../../../msp430/lib/mmpy-16/libc.a(memset.o)
 .debug_aranges
                0x00000000000000b4       0x14 /usr/lib/gcc/msp430/4.6.3/../../../../msp430/lib/mmpy-16/libc.a(printf.o)
 .debug_aranges
                0x00000000000000c8       0x14 /usr/lib/gcc/msp430/4.6.3/../../../../msp430/lib/mmpy-16/libc.a(vuprintf.o)
 .debug_aranges
                0x00000000000000dc       0x14 /usr/lib/gcc/msp430/4.6.3/../../../../msp430/lib/mmpy-16/libc.a(puts.o)
 .debug_aranges
                0x00000000000000f0       0x14 /usr/lib/gcc/msp430/4.6.3/../../../../msp430/lib/mmpy-16/libc.a(rand.o)
 .debug_aranges
                0x0000000000000104       0x14 /usr/lib/gcc/msp430/4.6.3/mmpy-16/libgcc.a(_udivmod64.o)
 .debug_aranges
                0x0000000000000118       0x14 /usr/lib/gcc/msp430/4.6.3/mmpy-16/libcrt0.a(__watchdog_support.o)
 .debug_aranges
                0x000000000000012c       0x14 /usr/lib/gcc/msp430/4.6.3/mmpy-16/libcrt0.a(__init_stack.o)
 .debug_aranges
                0x0000000000000140       0x14 /usr/lib/gcc/msp430/4.6.3/mmpy-16/libcrt0.a(_copy_data.o)
 .debug_aranges
                0x0000000000000154       0x14 /usr/lib/gcc/msp430/4.6.3/mmpy-16/libcrt0.a(_clear_bss.o)
 .debug_aranges
                0x0000000000000168       0x14 /usr/lib/gcc/msp430/4.6.3/mmpy-16/libcrt0.a(_endless_loop__.o)
 .debug_aranges
                0x000000000000017c       0x14 /usr/lib/gcc/msp430/4.6.3/mmpy-16/libcrt0.a(_unexpected_.o)

.debug_pubnames
 *(.debug_pubnames)

.debug_info     0x0000000000000000     0x1584
 *(.debug_info)
 .debug_info    0x0000000000000000       0xd6 /usr/lib/gcc/msp430/4.6.3/mmpy-16/libgcc.a(_mulsi3.o)
 .debug_info    0x00000000000000d6       0xd6 /usr/lib/gcc/msp430/4.6.3/mmpy-16/libgcc.a(_udivmod16.o)
 .debug_info    0x00000000000001ac       0xd6 /usr/lib/gcc/msp430/4.6.3/mmpy-16/libgcc.a(_divmod16.o)
 .debug_info    0x0000000000000282       0xd6 /usr/lib/gcc/msp430/4.6.3/mmpy-16/libgcc.a(_udivmod32.o)
 .debug_info    0x0000000000000358       0xbb /usr/lib/gcc/msp430/4.6.3/../../../../msp430/lib/mmpy-16/libc.a(strncmp.o)
 .debug_info    0x0000000000000413       0xe8 /usr/lib/gcc/msp430/4.6.3/../../../../msp430/lib/mmpy-16/libc.a(memcmp.o)
 .debug_info    0x00000000000004fb      0x113 /usr/lib/gcc/msp430/4.6.3/../../../../msp430/lib/mmpy-16/libc.a(memcpy.o)
 .debug_info    0x000000000000060e      0x113 /usr/lib/gcc/msp430/4.6.3/../../../../msp430/lib/mmpy-16/libc.a(memmove.o)
 .debug_info    0x0000000000000721       0xfe /usr/lib/gcc/msp430/4.6.3/../../../../msp430/lib/mmpy-16/libc.a(memset.o)
 .debug_info    0x000000000000081f      0x105 /usr/lib/gcc/msp430/4.6.3/../../../../msp430/lib/mmpy-16/libc.a(printf.o)
 .debug_info    0x0000000000000924      0x565 /usr/lib/gcc/msp430/4.6.3/../../../../msp430/lib/mmpy-16/libc.a(vuprintf.o)
 .debug_info    0x0000000000000e89       0x96 /usr/lib/gcc/msp430/4.6.3/../../../../msp430/lib/mmpy-16/libc.a(puts.o)
 .debug_info    0x0000000000000f1f      0x13f /usr/lib/gcc/msp430/4.6.3/../../../../msp430/lib/mmpy-16/libc.a(rand.o)
 .debug_info    0x000000000000105e       0xd6 /usr/lib/gcc/msp430/4.6.3/mmpy-16/libgcc.a(_udivmod64.o)
 .debug_info    0x0000000000001134       0xb8 /usr/lib/gcc/msp430/4.6.3/mmpy-16/libcrt0.a(__watchdog_support.o)
 .debug_info    0x00000000000011ec       0xb8 /usr/lib/gcc/msp430/4.6.3/mmpy-16/libcrt0.a(__init_stack.o)
 .debug_info    0x00000000000012a4       0xb8 /usr/lib/gcc/msp430/4.6.3/mmpy-16/libcrt0.a(_copy_data.o)
 .debug_info    0x000000000000135c       0xb8 /usr/lib/gcc/msp430/4.6.3/mmpy-16/libcrt0.a(_clear_bss.o)
 .debug_info    0x0000000000001414       0xb8 /usr/lib/gcc/msp430/4.6.3/mmpy-16/libcrt0.a(_endless_loop__.o)
 .debug_info    0x00000000000014cc       0xb8 /usr/lib/gcc/msp430/4.6.3/mmpy-16/libcrt0.a(_unexpected_.o)
 *(.gnu.linkonce.wi.*)

.debug_abbrev   0x0000000000000000      0x7cc
 *(.debug_abbrev)
 .debug_abbrev  0x0000000000000000       0x14 /usr/lib/gcc/msp430/4.6.3/mmpy-16/libgcc.a(_mulsi3.o)
 .debug_abbrev  0x0000000000000014       0x14 /usr/lib/gcc/msp430/4.6.3/mmpy-16/libgcc.a(_udivmod16.o)
 .debug_abbrev  0x0000000000000028       0x14 /usr/lib/gcc/msp430/4.6.3/mmpy-16/libgcc.a(_divmod16.o)
 .debug_abbrev  0x000000000000003c       0x14 /usr/lib/gcc/msp430/4.6.3/mmpy-16/libgcc.a(_udivmod32.o)
 .debug_abbrev  0x0000000000000050       0x7c /usr/lib/gcc/msp430/4.6.3/../../../../msp430/lib/mmpy-16/libc.a(strncmp.o)
 .debug_abbrev  0x00000000000000cc       0x9b /usr/lib/gcc/msp430/4.6.3/../../../../msp430/lib/mmpy-16/libc.a(memcmp.o)
 .debug_abbrev  0x0000000000000167       0x97 /usr/lib/gcc/msp430/4.6.3/../../../../msp430/lib/mmpy-16/libc.a(memcpy.o)
 .debug_abbrev  0x00000000000001fe       0x97 /usr/lib/gcc/msp430/4.6.3/../../../../msp430/lib/mmpy-16/libc.a(memmove.o)
 .debug_abbrev  0x0000000000000295       0x9c /usr/lib/gcc/msp430/4.6.3/../../../../msp430/lib/mmpy-16/libc.a(memset.o)
 .debug_abbrev  0x0000000000000331       0xd0 /usr/lib/gcc/msp430/4.6.3/../../../../msp430/lib/mmpy-16/libc.a(printf.o)
 .debug_abbrev  0x0000000000000401      0x1ef /usr/lib/gcc/msp430/4.6.3/../../../../msp430/lib/mmpy-16/libc.a(vuprintf.o)
 .debug_abbrev  0x00000000000005f0       0x60 /usr/lib/gcc/msp430/4.6.3/../../../../msp430/lib/mmpy-16/libc.a(puts.o)
 .debug_abbrev  0x0000000000000650       0xf0 /usr/lib/gcc/msp430/4.6.3/../../../../msp430/lib/mmpy-16/libc.a(rand.o)
 .debug_abbrev  0x0000000000000740       0x14 /usr/lib/gcc/msp430/4.6.3/mmpy-16/libgcc.a(_udivmod64.o)
 .debug_abbrev  0x0000000000000754       0x14 /usr/lib/gcc/msp430/4.6.3/mmpy-16/libcrt0.a(__watchdog_support.o)
 .debug_abbrev  0x0000000000000768       0x14 /usr/lib/gcc/msp430/4.6.3/mmpy-16/libcrt0.a(__init_stack.o)
 .debug_abbrev  0x000000000000077c       0x14 /usr/lib/gcc/msp430/4.6.3/mmpy-16/libcrt0.a(_copy_data.o)
 .debug_abbrev  0x0000000000000790       0x14 /usr/lib/gcc/msp430/4.6.3/mmpy-16/libcrt0.a(_clear_bss.o)
 .debug_abbrev  0x00000000000007a4       0x14 /usr/lib/gcc/msp430/4.6.3/mmpy-16/libcrt0.a(_endless_loop__.o)
 .debug_abbrev  0x00000000000007b8       0x14 /usr/lib/gcc/msp430/4.6.3/mmpy-16/libcrt0.a(_unexpected_.o)

.debug_line     0x0000000000000000      0xdff
 *(.debug_line)
 .debug_line    0x0000000000000000       0xa3 /usr/lib/gcc/msp430/4.6.3/mmpy-16/libgcc.a(_mulsi3.o)
 .debug_line    0x00000000000000a3       0x9c /usr/lib/gcc/msp430/4.6.3/mmpy-16/libgcc.a(_udivmod16.o)
 .debug_line    0x000000000000013f       0xa7 /usr/lib/gcc/msp430/4.6.3/mmpy-16/libgcc.a(_divmod16.o)
 .debug_line    0x00000000000001e6       0xab /usr/lib/gcc/msp430/4.6.3/mmpy-16/libgcc.a(_udivmod32.o)
 .debug_line    0x0000000000000291       0x75 /usr/lib/gcc/msp430/4.6.3/../../../../msp430/lib/mmpy-16/libc.a(strncmp.o)
 .debug_line    0x0000000000000306       0x73 /usr/lib/gcc/msp430/4.6.3/../../../../msp430/lib/mmpy-16/libc.a(memcmp.o)
 .debug_line    0x0000000000000379       0xe9 /usr/lib/gcc/msp430/4.6.3/../../../../msp430/lib/mmpy-16/libc.a(memcpy.o)
 .debug_line    0x0000000000000462       0xe9 /usr/lib/gcc/msp430/4.6.3/../../../../msp430/lib/mmpy-16/libc.a(memmove.o)
 .debug_line    0x000000000000054b       0xc8 /usr/lib/gcc/msp430/4.6.3/../../../../msp430/lib/mmpy-16/libc.a(memset.o)
 .debug_line    0x0000000000000613       0x72 /usr/lib/gcc/msp430/4.6.3/../../../../msp430/lib/mmpy-16/libc.a(printf.o)
 .debug_line    0x0000000000000685      0x2d2 /usr/lib/gcc/msp430/4.6.3/../../../../msp430/lib/mmpy-16/libc.a(vuprintf.o)
 .debug_line    0x0000000000000957       0x4d /usr/lib/gcc/msp430/4.6.3/../../../../msp430/lib/mmpy-16/libc.a(puts.o)
 .debug_line    0x00000000000009a4       0x4f /usr/lib/gcc/msp430/4.6.3/../../../../msp430/lib/mmpy-16/libc.a(rand.o)
 .debug_line    0x00000000000009f3       0xf1 /usr/lib/gcc/msp430/4.6.3/mmpy-16/libgcc.a(_udivmod64.o)
 .debug_line    0x0000000000000ae4       0x84 /usr/lib/gcc/msp430/4.6.3/mmpy-16/libcrt0.a(__watchdog_support.o)
 .debug_line    0x0000000000000b68       0x82 /usr/lib/gcc/msp430/4.6.3/mmpy-16/libcrt0.a(__init_stack.o)
 .debug_line    0x0000000000000bea       0x88 /usr/lib/gcc/msp430/4.6.3/mmpy-16/libcrt0.a(_copy_data.o)
 .debug_line    0x0000000000000c72       0x88 /usr/lib/gcc/msp430/4.6.3/mmpy-16/libcrt0.a(_clear_bss.o)
 .debug_line    0x0000000000000cfa       0x83 /usr/lib/gcc/msp430/4.6.3/mmpy-16/libcrt0.a(_endless_loop__.o)
 .debug_line    0x0000000000000d7d       0x82 /usr/lib/gcc/msp430/4.6.3/mmpy-16/libcrt0.a(_unexpected_.o)

.debug_frame    0x0000000000000000      0x224
 *(.debug_frame)
 .debug_frame   0x0000000000000000       0x24 /usr/lib/gcc/msp430/4.6.3/../../../../msp430/lib/mmpy-16/libc.a(strncmp.o)