Archive member included to satisfy reference by file (symbol)

contiki-native.a(contiki-main.o)
                              /usr/lib/gcc/x86_64-linux-gnu/4.8/../../../x86_64-linux-gnu/crt1.o (main)
contiki-native.a(leds.o)      hello-led.co (leds_toggle)
contiki-native.a(leds-arch.o)
                              contiki-native.a(leds.o) (leds_arch_init)
contiki-native.a(button-sensor.o)
                              hello-led.co (button_sensor)
contiki-native.a(pir-sensor.o)
                              contiki-native.a(contiki-main.o) (pir_sensor)
contiki-native.a(vib-sensor.o)
                              contiki-native.a(contiki-main.o) (vib_sensor)
contiki-native.a(sensors.o)   hello-led.co (sensors_event)
contiki-native.a(rimeaddr.o)  contiki-native.a(contiki-main.o) (rimeaddr_set_node_addr)
contiki-native.a(rime.o)      contiki-native.a(contiki-main.o) (rime_driver)
contiki-native.a(announcement.o)
                              contiki-native.a(rime.o) (announcement_init)
contiki-native.a(broadcast-annou)
                              contiki-native.a(rime.o) (broadcast_announcement_init)
contiki-native.a(broadcast.o)
                              contiki-native.a(broadcast-annou) (broadcast_open)
contiki-native.a(abc.o)       contiki-native.a(broadcast.o) (abc_open)
contiki-native.a(chameleon.o)
                              contiki-native.a(rime.o) (chameleon_init)
contiki-native.a(channel.o)   contiki-native.a(chameleon.o) (channel_init)
contiki-native.a(chameleon-bitop)
                              contiki-native.a(chameleon.o) (chameleon_bitopt)
contiki-native.a(nullmac.o)   contiki-native.a(contiki-main.o) (nullmac_driver)
contiki-native.a(nullrdc.o)   contiki-native.a(contiki-main.o) (nullrdc_driver)
contiki-native.a(mac.o)       contiki-native.a(nullrdc.o) (mac_call_sent_callback)
contiki-native.a(framer-nullmac.)
                              contiki-native.a(nullrdc.o) (framer_nullmac)
contiki-native.a(process.o)   contiki-native.a(sensors.o) (process_alloc_event)
contiki-native.a(autostart.o)
                              contiki-native.a(contiki-main.o) (autostart_start)
contiki-native.a(serial-line.o)
                              contiki-native.a(contiki-main.o) (serial_line_input_byte)
contiki-native.a(list.o)      contiki-native.a(announcement.o) (list_init)
contiki-native.a(etimer.o)    contiki-native.a(contiki-main.o) (etimer_request_poll)
contiki-native.a(ctimer.o)    contiki-native.a(contiki-main.o) (ctimer_init)
contiki-native.a(random.o)    contiki-native.a(broadcast-annou) (random_rand)
contiki-native.a(ringbuf.o)   contiki-native.a(serial-line.o) (ringbuf_init)
contiki-native.a(netstack.o)  contiki-native.a(contiki-main.o) (netstack_init)
contiki-native.a(packetbuf.o)
                              contiki-native.a(chameleon-bitop) (packetbuf_hdrreduce)
contiki-native.a(queuebuf.o)  contiki-native.a(contiki-main.o) (queuebuf_init)
contiki-native.a(tcpip.o)     contiki-native.a(contiki-main.o) (tcpip_process)
contiki-native.a(uip.o)       contiki-native.a(tcpip.o) (uip_aligned_buf)
contiki-native.a(nullradio.o)
                              contiki-native.a(nullrdc.o) (nullradio_driver)
contiki-native.a(clock.o)     contiki-native.a(etimer.o) (clock_time)
contiki-native.a(memb.o)      contiki-native.a(queuebuf.o) (memb_init)
contiki-native.a(timer.o)     contiki-native.a(etimer.o) (timer_set)
/usr/lib/x86_64-linux-gnu/libc_nonshared.a(elf-init.oS)
                              /usr/lib/gcc/x86_64-linux-gnu/4.8/../../../x86_64-linux-gnu/crt1.o (__libc_csu_init)

Allocating common symbols
Common symbol       size              file

uip_draddr          0x4               contiki-native.a(uip.o)
uip_slen            0x2               contiki-native.a(uip.o)
uip_acc32           0x4               contiki-native.a(uip.o)
uip_conns           0x780             contiki-native.a(uip.o)
uip_netmask         0x4               contiki-native.a(uip.o)
uip_hostaddr        0x4               contiki-native.a(uip.o)
serial_line_event_message
                    0x1               contiki-native.a(serial-line.o)
uip_appdata         0x8               contiki-native.a(uip.o)
uip_flags           0x1               contiki-native.a(uip.o)
packetbuf_attrs     0x30              contiki-native.a(packetbuf.o)
uip_aligned_buf     0x1a4             contiki-native.a(uip.o)
contiki_argv        0x8               contiki-native.a(contiki-main.o)
uip_listenports     0x50              contiki-native.a(uip.o)
uip_len             0x2               contiki-native.a(uip.o)
tcpip_event         0x1               contiki-native.a(tcpip.o)
uip_sappdata        0x8               contiki-native.a(uip.o)
sensors_event       0x1               contiki-native.a(sensors.o)
uip_udp_conns       0x140             contiki-native.a(uip.o)
rimeaddr_node_addr  0x2               contiki-native.a(rimeaddr.o)
packetbuf_addrs     0x8               contiki-native.a(packetbuf.o)
uip_udp_conn        0x8               contiki-native.a(uip.o)
sensors_flags       0x4               contiki-native.a(contiki-main.o)
uip_conn            0x8               contiki-native.a(uip.o)

Discarded input sections

 .note.GNU-stack
                0x0000000000000000        0x0 /usr/lib/gcc/x86_64-linux-gnu/4.8/../../../x86_64-linux-gnu/crt1.o
 .gnu_debuglink
                0x0000000000000000        0xc /usr/lib/gcc/x86_64-linux-gnu/4.8/../../../x86_64-linux-gnu/crt1.o
 .note.GNU-stack
                0x0000000000000000        0x0 /usr/lib/gcc/x86_64-linux-gnu/4.8/../../../x86_64-linux-gnu/crti.o
 .gnu_debuglink
                0x0000000000000000        0xc /usr/lib/gcc/x86_64-linux-gnu/4.8/../../../x86_64-linux-gnu/crti.o
 .note.GNU-stack
                0x0000000000000000        0x0 /usr/lib/gcc/x86_64-linux-gnu/4.8/crtbegin.o
 .note.GNU-stack
                0x0000000000000000        0x0 hello-led.co
 .note.GNU-stack
                0x0000000000000000        0x0 contiki-native.a(contiki-main.o)
 .note.GNU-stack
                0x0000000000000000        0x0 contiki-native.a(leds.o)
 .note.GNU-stack
                0x0000000000000000        0x0 contiki-native.a(leds-arch.o)
 .note.GNU-stack
                0x0000000000000000        0x0 contiki-native.a(button-sensor.o)
 .note.GNU-stack
                0x0000000000000000        0x0 contiki-native.a(pir-sensor.o)
 .note.GNU-stack
                0x0000000000000000        0x0 contiki-native.a(vib-sensor.o)
 .note.GNU-stack
                0x0000000000000000        0x0 contiki-native.a(sensors.o)
 .note.GNU-stack
                0x0000000000000000        0x0 contiki-native.a(rimeaddr.o)
 .note.GNU-stack
                0x0000000000000000        0x0 contiki-native.a(rime.o)
 .note.GNU-stack
                0x0000000000000000        0x0 contiki-native.a(announcement.o)
 .note.GNU-stack
                0x0000000000000000        0x0 contiki-native.a(broadcast-annou)
 .note.GNU-stack
                0x0000000000000000        0x0 contiki-native.a(broadcast.o)
 .note.GNU-stack
                0x0000000000000000        0x0 contiki-native.a(abc.o)
 .note.GNU-stack
                0x0000000000000000        0x0 contiki-native.a(chameleon.o)
 .note.GNU-stack
                0x0000000000000000        0x0 contiki-native.a(channel.o)
 .note.GNU-stack
                0x0000000000000000        0x0 contiki-native.a(chameleon-bitop)
 .note.GNU-stack
                0x0000000000000000        0x0 contiki-native.a(nullmac.o)
 .note.GNU-stack
                0x0000000000000000        0x0 contiki-native.a(nullrdc.o)
 .note.GNU-stack
                0x0000000000000000        0x0 contiki-native.a(mac.o)
 .note.GNU-stack
                0x0000000000000000        0x0 contiki-native.a(framer-nullmac.)
 .note.GNU-stack
                0x0000000000000000        0x0 contiki-native.a(process.o)
 .note.GNU-stack
                0x0000000000000000        0x0 contiki-native.a(autostart.o)
 .note.GNU-stack
                0x0000000000000000        0x0 contiki-native.a(serial-line.o)
 .note.GNU-stack
                0x0000000000000000        0x0 contiki-native.a(list.o)
 .note.GNU-stack
                0x0000000000000000        0x0 contiki-native.a(etimer.o)
 .note.GNU-stack
                0x0000000000000000        0x0 contiki-native.a(ctimer.o)
 .note.GNU-stack
                0x0000000000000000        0x0 contiki-native.a(random.o)
 .note.GNU-stack
                0x0000000000000000        0x0 contiki-native.a(ringbuf.o)
 .note.GNU-stack
                0x0000000000000000        0x0 contiki-native.a(netstack.o)
 .note.GNU-stack
                0x0000000000000000        0x0 contiki-native.a(packetbuf.o)
 .note.GNU-stack
                0x0000000000000000        0x0 contiki-native.a(queuebuf.o)
 .note.GNU-stack
                0x0000000000000000        0x0 contiki-native.a(tcpip.o)
 .note.GNU-stack
                0x0000000000000000        0x0 contiki-native.a(uip.o)
 .note.GNU-stack
                0x0000000000000000        0x0 contiki-native.a(nullradio.o)
 .note.GNU-stack
                0x0000000000000000        0x0 contiki-native.a(clock.o)
 .note.GNU-stack
                0x0000000000000000        0x0 contiki-native.a(memb.o)
 .note.GNU-stack
                0x0000000000000000        0x0 contiki-native.a(timer.o)
 .note.GNU-stack
                0x0000000000000000        0x0 /usr/lib/x86_64-linux-gnu/libc_nonshared.a(elf-init.oS)
 .note.GNU-stack
                0x0000000000000000        0x0 /usr/lib/gcc/x86_64-linux-gnu/4.8/crtend.o
 .note.GNU-stack
                0x0000000000000000        0x0 /usr/lib/gcc/x86_64-linux-gnu/4.8/../../../x86_64-linux-gnu/crtn.o
 .gnu_debuglink
                0x0000000000000000        0xc /usr/lib/gcc/x86_64-linux-gnu/4.8/../../../x86_64-linux-gnu/crtn.o

Memory Configuration

Name             Origin             Length             Attributes
*default*        0x0000000000000000 0xffffffffffffffff

Linker script and memory map

LOAD /usr/lib/gcc/x86_64-linux-gnu/4.8/../../../x86_64-linux-gnu/crt1.o
LOAD /usr/lib/gcc/x86_64-linux-gnu/4.8/../../../x86_64-linux-gnu/crti.o
LOAD /usr/lib/gcc/x86_64-linux-gnu/4.8/crtbegin.o
LOAD hello-led.co
LOAD contiki-native.a
LOAD /usr/lib/gcc/x86_64-linux-gnu/4.8/../../../x86_64-linux-gnu/libncurses.so
LOAD /lib/x86_64-linux-gnu/libncurses.so.5
LOAD /usr/lib/gcc/x86_64-linux-gnu/4.8/../../../x86_64-linux-gnu/libtinfo.so
LOAD /usr/lib/gcc/x86_64-linux-gnu/4.8/libgcc.a
LOAD /usr/lib/gcc/x86_64-linux-gnu/4.8/libgcc_s.so
LOAD /usr/lib/gcc/x86_64-linux-gnu/4.8/../../../x86_64-linux-gnu/libc.so
START GROUP
LOAD /lib/x86_64-linux-gnu/libc.so.6
LOAD /usr/lib/x86_64-linux-gnu/libc_nonshared.a
LOAD /lib/x86_64-linux-gnu/ld-linux-x86-64.so.2
END GROUP
LOAD /usr/lib/gcc/x86_64-linux-gnu/4.8/libgcc.a
LOAD /usr/lib/gcc/x86_64-linux-gnu/4.8/libgcc_s.so
LOAD /usr/lib/gcc/x86_64-linux-gnu/4.8/crtend.o
LOAD /usr/lib/gcc/x86_64-linux-gnu/4.8/../../../x86_64-linux-gnu/crtn.o
                0x0000000000400000                PROVIDE (__executable_start, 0x400000)
                0x0000000000400238                . = (0x400000 + SIZEOF_HEADERS)

.interp         0x0000000000400238       0x1c
 *(.interp)
 .interp        0x0000000000400238       0x1c /usr/lib/gcc/x86_64-linux-gnu/4.8/../../../x86_64-linux-gnu/crt1.o

.note.ABI-tag   0x0000000000400254       0x20
 .note.ABI-tag  0x0000000000400254       0x20 /usr/lib/gcc/x86_64-linux-gnu/4.8/../../../x86_64-linux-gnu/crt1.o

.note.gnu.build-id
                0x0000000000400274       0x24
 *(.note.gnu.build-id)
 .note.gnu.build-id
                0x0000000000400274       0x24 /usr/lib/gcc/x86_64-linux-gnu/4.8/../../../x86_64-linux-gnu/crt1.o

.hash
 *(.hash)

.gnu.hash       0x0000000000400298      0x808
 *(.gnu.hash)
 .gnu.hash      0x0000000000400298      0x808 /usr/lib/gcc/x86_64-linux-gnu/4.8/../../../x86_64-linux-gnu/crt1.o

.dynsym         0x0000000000400aa0     0x1968
 *(.dynsym)
 .dynsym        0x0000000000400aa0     0x1968 /usr/lib/gcc/x86_64-linux-gnu/4.8/../../../x86_64-linux-gnu/crt1.o

.dynstr         0x0000000000402408      0xf3c
 *(.dynstr)
 .dynstr        0x0000000000402408      0xf3c /usr/lib/gcc/x86_64-linux-gnu/4.8/../../../x86_64-linux-gnu/crt1.o

.gnu.version    0x0000000000403344      0x21e
 *(.gnu.version)
 .gnu.version   0x0000000000403344      0x21e /usr/lib/gcc/x86_64-linux-gnu/4.8/../../../x86_64-linux-gnu/crt1.o

.gnu.version_d  0x0000000000403568        0x0
 *(.gnu.version_d)
 .gnu.version_d
                0x0000000000000000        0x0 /usr/lib/gcc/x86_64-linux-gnu/4.8/../../../x86_64-linux-gnu/crt1.o

.gnu.version_r  0x0000000000403568       0x50
 *(.gnu.version_r)
 .gnu.version_r
                0x0000000000403568       0x50 /usr/lib/gcc/x86_64-linux-gnu/4.8/../../../x86_64-linux-gnu/crt1.o

.rela.dyn       0x00000000004035b8       0x48
 *(.rela.init)
 *(.rela.text .rela.text.* .rela.gnu.linkonce.t.*)
 .rela.text     0x0000000000000000        0x0 /usr/lib/gcc/x86_64-linux-gnu/4.8/../../../x86_64-linux-gnu/crt1.o
 *(.rela.fini)
 *(.rela.rodata .rela.rodata.* .rela.gnu.linkonce.r.*)
 *(.rela.data .rela.data.* .rela.gnu.linkonce.d.*)
 .rela.data     0x0000000000000000        0x0 /usr/lib/gcc/x86_64-linux-gnu/4.8/../../../x86_64-linux-gnu/crt1.o
 *(.rela.tdata .rela.tdata.* .rela.gnu.linkonce.td.*)
 *(.rela.tbss .rela.tbss.* .rela.gnu.linkonce.tb.*)
 *(.rela.ctors)
 *(.rela.dtors)
 *(.rela.got)
 .rela.got      0x00000000004035b8       0x18 /usr/lib/gcc/x86_64-linux-gnu/4.8/../../../x86_64-linux-gnu/crt1.o
 *(.rela.bss .rela.bss.* .rela.gnu.linkonce.b.*)
 .rela.bss      0x00000000004035d0       0x30 /usr/lib/gcc/x86_64-linux-gnu/4.8/../../../x86_64-linux-gnu/crt1.o
 *(.rela.ldata .rela.ldata.* .rela.gnu.linkonce.l.*)
 *(.rela.lbss .rela.lbss.* .rela.gnu.linkonce.lb.*)
 *(.rela.lrodata .rela.lrodata.* .rela.gnu.linkonce.lr.*)
 *(.rela.ifunc)

.rela.plt       0x0000000000403600      0x1b0
 *(.rela.plt)
 .rela.plt      0x0000000000403600      0x1b0 /usr/lib/gcc/x86_64-linux-gnu/4.8/../../../x86_64-linux-gnu/crt1.o
                0x00000000004037b0                PROVIDE (__rela_iplt_start, .)
 *(.rela.iplt)
 .rela.iplt     0x0000000000000000        0x0 /usr/lib/gcc/x86_64-linux-gnu/4.8/../../../x86_64-linux-gnu/crt1.o
                0x00000000004037b0                PROVIDE (__rela_iplt_end, .)

.init           0x00000000004037b0       0x1a
 *(SORT(.init))
 .init          0x00000000004037b0       0x15 /usr/lib/gcc/x86_64-linux-gnu/4.8/../../../x86_64-linux-gnu/crti.o
                0x00000000004037b0                _init
 .init          0x00000000004037c5        0x5 /usr/lib/gcc/x86_64-linux-gnu/4.8/../../../x86_64-linux-gnu/crtn.o

.plt            0x00000000004037d0      0x130
 *(.plt)
 .plt           0x00000000004037d0      0x130 /usr/lib/gcc/x86_64-linux-gnu/4.8/../../../x86_64-linux-gnu/crt1.o
                0x00000000004037e0                strncmp@@GLIBC_2.2.5
                0x00000000004037f0                puts@@GLIBC_2.2.5
                0x0000000000403800                __stack_chk_fail@@GLIBC_2.4
                0x0000000000403810                gettimeofday@@GLIBC_2.2.5
                0x0000000000403820                memset@@GLIBC_2.2.5
                0x0000000000403830                read@@GLIBC_2.2.5
                0x0000000000403840                __libc_start_main@@GLIBC_2.2.5
                0x0000000000403850                srand@@GLIBC_2.2.5
                0x0000000000403860                memcmp@@GLIBC_2.2.5
                0x0000000000403870                __memcpy_chk@@GLIBC_2.3.4
                0x0000000000403890                memcpy@@GLIBC_2.14
                0x00000000004038a0                select@@GLIBC_2.2.5
                0x00000000004038b0                __printf_chk@@GLIBC_2.3.4
                0x00000000004038c0                setvbuf@@GLIBC_2.2.5
                0x00000000004038d0                perror@@GLIBC_2.2.5
                0x00000000004038e0                __fprintf_chk@@GLIBC_2.3.4
                0x00000000004038f0                rand@@GLIBC_2.2.5
 *(.iplt)
 .iplt          0x0000000000000000        0x0 /usr/lib/gcc/x86_64-linux-gnu/4.8/../../../x86_64-linux-gnu/crt1.o

.text           0x0000000000403900     0x4932
 *(.text.unlikely .text.*_unlikely .text.unlikely.*)
 *(.text.exit .text.exit.*)
 *(.text.startup .text.startup.*)
 *(.text.hot .text.hot.*)
 *(.text .stub .text.* .gnu.linkonce.t.*)
 .text          0x0000000000403900       0x2a /usr/lib/gcc/x86_64-linux-gnu/4.8/../../../x86_64-linux-gnu/crt1.o
                0x0000000000403900                _start
 .text          0x000000000040392a        0x0 /usr/lib/gcc/x86_64-linux-gnu/4.8/../../../x86_64-linux-gnu/crti.o
 *fill*         0x000000000040392a        0x6 
 .text          0x0000000000403930       0xbd /usr/lib/gcc/x86_64-linux-gnu/4.8/crtbegin.o
 .text          0x00000000004039ed       0x85 hello-led.co
 *fill*         0x0000000000403a72        0xe 
 .text          0x0000000000403a80      0x350 contiki-native.a(contiki-main.o)
                0x0000000000403abc                select_set_callback
                0x0000000000403b64                main
                0x0000000000403d7f                log_message
                0x0000000000403da9                uip_log
 .text          0x0000000000403dd0       0xf0 contiki-native.a(leds.o)
                0x0000000000403df0                leds_init
                0x0000000000403e0c                leds_get
                0x0000000000403e1a                leds_on
                0x0000000000403e41                leds_off
                0x0000000000403e68                leds_invert
                0x0000000000403e81                leds_blink
                0x0000000000403eae                leds_toggle
 .text          0x0000000000403ec0       0x18 contiki-native.a(leds-arch.o)
                0x0000000000403ec0                leds_arch_init
                0x0000000000403ec8                leds_arch_get
                0x0000000000403ed0                leds_arch_set
 .text          0x0000000000403ed8       0x25 contiki-native.a(button-sensor.o)
                0x0000000000403eea                button_press
 .text          0x0000000000403efd       0x2c contiki-native.a(pir-sensor.o)
                0x0000000000403f10                pir_sensor_changed
 .text          0x0000000000403f29       0x2d contiki-native.a(vib-sensor.o)
                0x0000000000403f3c                vib_sensor_changed
 *fill*         0x0000000000403f56        0xa 
 .text          0x0000000000403f60      0x26e contiki-native.a(sensors.o)
                0x000000000040409f                sensors_first
                0x00000000004040a7                sensors_next
                0x00000000004040f4                sensors_changed
                0x000000000040414f                sensors_find
 .text          0x00000000004041ce       0x31 contiki-native.a(rimeaddr.o)
                0x00000000004041ce                rimeaddr_copy
                0x00000000004041d5                rimeaddr_cmp
                0x00000000004041f0                rimeaddr_set_node_addr
 *fill*         0x00000000004041ff        0x1 
 .text          0x0000000000404200      0x136 contiki-native.a(rime.o)
                0x00000000004042e3                rime_sniffer_add
                0x00000000004042f9                rime_sniffer_remove
                0x000000000040430f                rime_output
 *fill*         0x0000000000404336        0xa 
 .text          0x0000000000404340      0x1a6 contiki-native.a(announcement.o)
                0x0000000000404340                announcement_init
                0x0000000000404353                announcement_register
                0x0000000000404397                announcement_remove
                0x00000000004043ad                announcement_remove_value
                0x00000000004043e2                announcement_set_value
                0x000000000040441b                announcement_bump
                0x0000000000404447                announcement_listen
                0x000000000040445f                announcement_register_listen_callback
                0x0000000000404467                announcement_register_observer_callback
                0x000000000040446f                announcement_list
                0x0000000000404482                announcement_heard
 .text          0x00000000004044e6      0x202 contiki-native.a(broadcast-annou)
                0x0000000000404676                broadcast_announcement_init
                0x00000000004046b9                broadcast_announcement_stop
                0x00000000004046e0                broadcast_announcement_beacon_interval
 .text          0x00000000004046e8       0xa9 contiki-native.a(broadcast.o)
                0x0000000000404738                broadcast_open
                0x0000000000404766                broadcast_close
                0x0000000000404774                broadcast_send
 .text          0x0000000000404791       0x76 contiki-native.a(abc.o)
                0x0000000000404791                abc_open
                0x00000000004047ba                abc_close
                0x00000000004047c8                abc_send
                0x00000000004047d6                abc_input
                0x00000000004047ee                abc_sent
 .text          0x0000000000404807       0x6d contiki-native.a(chameleon.o)
                0x0000000000404807                chameleon_init
                0x0000000000404815                chameleon_parse
                0x0000000000404837                chameleon_create
                0x0000000000404865                chameleon_hdrsize
 *fill*         0x0000000000404874        0xc 
 .text          0x0000000000404880       0xb4 contiki-native.a(channel.o)
                0x0000000000404880                channel_init
                0x0000000000404893                channel_open
                0x00000000004048ad                channel_close
                0x00000000004048c3                channel_lookup
                0x0000000000404905                channel_set_attributes
 *fill*         0x0000000000404934        0xc 
 .text          0x0000000000404940      0x472 contiki-native.a(chameleon-bitop)
                0x0000000000404961                get_bits_in_byte
                0x000000000040498d                get_bits
                0x0000000000404b9b                set_bits_in_byte
                0x0000000000404bb7                set_bits
 .text          0x0000000000404db2       0x44 contiki-native.a(nullmac.o)
 *fill*         0x0000000000404df6        0xa 
 .text          0x0000000000404e00      0x159 contiki-native.a(nullrdc.o)
 .text          0x0000000000404f59       0x1b contiki-native.a(mac.o)
                0x0000000000404f59                mac_call_sent_callback
 .text          0x0000000000404f74       0x88 contiki-native.a(framer-nullmac.)
 *fill*         0x0000000000404ffc        0x4 
 .text          0x0000000000405000      0x3e0 contiki-native.a(process.o)
                0x000000000040518a                process_alloc_event
                0x000000000040519b                process_exit
                0x00000000004051b0                process_init
                0x00000000004051dc                process_run
                0x00000000004052df                process_nevents
                0x00000000004052f3                process_post
                0x0000000000405348                process_post_synch
                0x0000000000405362                process_start
                0x00000000004053b8                process_poll
                0x00000000004053d5                process_is_running
 .text          0x00000000004053e0       0x69 contiki-native.a(autostart.o)
                0x00000000004053e0                autostart_start
                0x0000000000405417                autostart_exit
 .text          0x0000000000405449      0x187 contiki-native.a(serial-line.o)
                0x000000000040553a                serial_line_input_byte
                0x00000000004055a4                serial_line_init
 .text          0x00000000004055d0      0x14c contiki-native.a(list.o)
                0x00000000004055d0                list_init
                0x00000000004055d8                list_head
                0x00000000004055dc                list_copy
                0x00000000004055e3                list_tail
                0x00000000004055ff                list_chop
                0x0000000000405634                list_pop
                0x0000000000405644                list_remove
                0x000000000040568d                list_add
                0x00000000004056ba                list_push
                0x00000000004056d4                list_length
                0x00000000004056f4                list_insert
                0x000000000040570d                list_item_next
 *fill*         0x000000000040571c        0x4 
 .text          0x0000000000405720      0x2f4 contiki-native.a(etimer.o)
                0x0000000000405782                etimer_request_poll
                0x0000000000405921                etimer_set
                0x0000000000405934                etimer_reset
                0x0000000000405947                etimer_restart
                0x000000000040595a                etimer_adjust
                0x000000000040596e                etimer_expired
                0x000000000040597a                etimer_expiration_time
                0x0000000000405982                etimer_start_time
                0x0000000000405986                etimer_pending
                0x0000000000405995                etimer_next_expiration_time
                0x00000000004059ab                etimer_stop
 *fill*         0x0000000000405a14        0xc 
 .text          0x0000000000405a20      0x2a3 contiki-native.a(ctimer.o)
                0x0000000000405afa                ctimer_init
                0x0000000000405b23                ctimer_set
                0x0000000000405b8a                ctimer_reset
                0x0000000000405bdf                ctimer_restart
                0x0000000000405c34                ctimer_stop
                0x0000000000405c6b                ctimer_expired
 .text          0x0000000000405cc3       0x1f contiki-native.a(random.o)
                0x0000000000405cc3                random_init
                0x0000000000405cd4                random_rand
 .text          0x0000000000405ce2       0x9b contiki-native.a(ringbuf.o)
                0x0000000000405ce2                ringbuf_init
                0x0000000000405cf4                ringbuf_put
                0x0000000000405d30                ringbuf_get
                0x0000000000405d64                ringbuf_size
                0x0000000000405d6c                ringbuf_elements
 *fill*         0x0000000000405d7d        0x3 
 .text          0x0000000000405d80       0x21 contiki-native.a(netstack.o)
                0x0000000000405d80                netstack_init
 .text          0x0000000000405da1      0x3d0 contiki-native.a(packetbuf.o)
                0x0000000000405da1                packetbuf_clear_hdr
                0x0000000000405da9                packetbuf_copyto_hdr
                0x0000000000405dd3                packetbuf_copyto
                0x0000000000405e4a                packetbuf_hdr_remove
                0x0000000000405e52                packetbuf_hdrreduce
                0x0000000000405e79                packetbuf_set_datalen
                0x0000000000405e81                packetbuf_dataptr
                0x0000000000405e8f                packetbuf_hdrptr
                0x0000000000405e9d                packetbuf_is_reference
                0x0000000000405eaf                packetbuf_compact
                0x0000000000405f37                packetbuf_reference_ptr
                0x0000000000405f3f                packetbuf_datalen
                0x0000000000405f47                packetbuf_hdrlen
                0x0000000000405f53                packetbuf_totlen
                0x0000000000405f69                packetbuf_hdralloc
                0x0000000000405fa6                packetbuf_attr_clear
                0x0000000000405feb                packetbuf_clear
                0x000000000040601d                packetbuf_copyfrom
                0x000000000040605d                packetbuf_reference
                0x0000000000406082                packetbuf_attr_copyto
                0x00000000004060ce                packetbuf_attr_copyfrom
                0x000000000040611a                packetbuf_set_attr
                0x000000000040612c                packetbuf_attr
                0x0000000000406139                packetbuf_set_addr
                0x000000000040615e                packetbuf_addr
 .text          0x0000000000406171      0x225 contiki-native.a(queuebuf.o)
                0x0000000000406171                queuebuf_init
                0x0000000000406198                queuebuf_new_from_packetbuf
                0x0000000000406233                queuebuf_update_attr_from_packetbuf
                0x0000000000406252                queuebuf_free
                0x00000000004062a3                queuebuf_to_packetbuf
                0x000000000040632b                queuebuf_dataptr
                0x0000000000406367                queuebuf_datalen
                0x000000000040636e                queuebuf_addr
                0x0000000000406384                queuebuf_attr
                0x0000000000406394                queuebuf_debug_print
 *fill*         0x0000000000406396        0xa 
 .text          0x00000000004063a0      0x578 contiki-native.a(tcpip.o)
                0x00000000004063c1                tcpip_output
                0x000000000040666d                tcpip_set_outputfunc
                0x0000000000406675                tcp_unlisten
                0x00000000004066d5                tcp_listen
                0x0000000000406747                tcp_attach
                0x0000000000406757                udp_attach
                0x0000000000406767                udp_new
                0x0000000000406789                udp_broadcast_new
                0x00000000004067e5                tcpip_input
                0x000000000040680b                tcpip_poll_udp
                0x0000000000406826                tcpip_poll_tcp
                0x0000000000406841                tcp_connect
                0x000000000040687b                tcpip_uipcall
 *fill*         0x0000000000406918        0x8 
 .text          0x0000000000406920     0x168a contiki-native.a(uip.o)
                0x00000000004069c7                uip_setipid
                0x00000000004069cf                uip_add32
                0x0000000000406a99                uip_chksum
                0x0000000000406aae                uip_ipchksum
                0x0000000000406ad6                uip_tcpchksum
                0x0000000000406ae2                uip_udpchksum
                0x0000000000406aee                uip_init
                0x0000000000406b45                uip_connect
                0x0000000000406c7c                uip_udp_new
                0x0000000000406d69                uip_unlisten
                0x0000000000406dc3                uip_listen
                0x0000000000406e1b                uip_process
                0x0000000000407f48                uip_htons
                0x0000000000407f4f                uip_htonl
                0x0000000000407f65                uip_send
 .text          0x0000000000407faa       0x3c contiki-native.a(nullradio.o)
 .text          0x0000000000407fe6       0x5e contiki-native.a(clock.o)
                0x0000000000407fe6                clock_time
                0x0000000000408028                clock_seconds
                0x0000000000408042                clock_delay
 .text          0x0000000000408044      0x11d contiki-native.a(memb.o)
                0x0000000000408044                memb_init
                0x0000000000408077                memb_alloc
                0x00000000004080d3                memb_free
                0x0000000000408139                memb_inmemb
 .text          0x0000000000408161       0x59 contiki-native.a(timer.o)
                0x0000000000408161                timer_set
                0x0000000000408173                timer_reset
                0x000000000040817b                timer_restart
                0x0000000000408189                timer_expired
                0x00000000004081a5                timer_remaining
 *fill*         0x00000000004081ba        0x6 
 .text          0x00000000004081c0       0x72 /usr/lib/x86_64-linux-gnu/libc_nonshared.a(elf-init.oS)
                0x00000000004081c0                __libc_csu_init
                0x0000000000408230                __libc_csu_fini
 .text          0x0000000000408232        0x0 /usr/lib/gcc/x86_64-linux-gnu/4.8/crtend.o
 .text          0x0000000000408232        0x0 /usr/lib/gcc/x86_64-linux-gnu/4.8/../../../x86_64-linux-gnu/crtn.o
 *(.gnu.warning)

.fini           0x0000000000408234        0x9
 *(SORT(.fini))
 .fini          0x0000000000408234        0x4 /usr/lib/gcc/x86_64-linux-gnu/4.8/../../../x86_64-linux-gnu/crti.o
                0x0000000000408234                _fini
 .fini          0x0000000000408238        0x5 /usr/lib/gcc/x86_64-linux-gnu/4.8/../../../x86_64-linux-gnu/crtn.o
                0x000000000040823d                PROVIDE (__etext, .)
                0x000000000040823d                PROVIDE (_etext, .)
                0x000000000040823d                PROVIDE (etext, .)

.rodata         0x0000000000408240      0x3d0
 *(.rodata .rodata.* .gnu.linkonce.r.*)
 .rodata.cst4   0x0000000000408240        0x4 /usr/lib/gcc/x86_64-linux-gnu/4.8/../../../x86_64-linux-gnu/crt1.o
                0x0000000000408240                _IO_stdin_used
 .rodata.str1.1
                0x0000000000408244       0x2f hello-led.co
 *fill*         0x0000000000408273        0xd 
 .rodata        0x0000000000408280       0x10 hello-led.co
                0x0000000000408280                autostart_processes
 .rodata.str1.1
                0x0000000000408290       0x5e contiki-native.a(contiki-main.o)
                                         0x62 (size before relaxing)
 *fill*         0x00000000004082ee        0x2 
 .rodata        0x00000000004082f0       0x10 contiki-native.a(contiki-main.o)
 .rodata.str1.1
                0x0000000000408300        0x7 contiki-native.a(button-sensor.o)
 *fill*         0x0000000000408307       0x19 
 .rodata        0x0000000000408320       0x20 contiki-native.a(button-sensor.o)
                0x0000000000408320                button_sensor
 .rodata.str1.1
                0x0000000000408340        0x4 contiki-native.a(pir-sensor.o)
 *fill*         0x0000000000408344       0x1c 
 .rodata        0x0000000000408360       0x20 contiki-native.a(pir-sensor.o)
                0x0000000000408360                pir_sensor
 .rodata.str1.1
                0x0000000000408380        0xa contiki-native.a(vib-sensor.o)
 *fill*         0x000000000040838a       0x16 
 .rodata        0x00000000004083a0       0x20 contiki-native.a(vib-sensor.o)
                0x00000000004083a0                vib_sensor
 .rodata.str1.1
                0x00000000004083c0        0x8 contiki-native.a(sensors.o)
 .rodata        0x00000000004083c8        0x2 contiki-native.a(rimeaddr.o)
                0x00000000004083c8                rimeaddr_null
 .rodata.str1.1
                0x00000000004083ca        0x5 contiki-native.a(rime.o)
 *fill*         0x00000000004083cf        0x1 
 .rodata        0x00000000004083d0       0x18 contiki-native.a(rime.o)
                0x00000000004083d0                rime_driver
 *fill*         0x00000000004083e8        0x8 
 .rodata        0x00000000004083f0       0x10 contiki-native.a(broadcast-annou)
 .rodata        0x0000000000408400       0x14 contiki-native.a(broadcast.o)
 .rodata        0x0000000000408414        0x2 contiki-native.a(abc.o)
 *fill*         0x0000000000408416        0xa 
 .rodata        0x0000000000408420       0x21 contiki-native.a(chameleon-bitop)
                0x0000000000408420                chameleon_bitopt
 .rodata.str1.1
                0x0000000000408441        0x8 contiki-native.a(nullmac.o)
 *fill*         0x0000000000408449       0x17 
 .rodata        0x0000000000408460       0x38 contiki-native.a(nullmac.o)
                0x0000000000408460                nullmac_driver
 .rodata.str1.1
                0x0000000000408498        0x8 contiki-native.a(nullrdc.o)
 .rodata        0x00000000004084a0       0x40 contiki-native.a(nullrdc.o)
                0x00000000004084a0                nullrdc_driver
 .rodata        0x00000000004084e0       0x10 contiki-native.a(framer-nullmac.)
                0x00000000004084e0                framer_nullmac
 .rodata.str1.1
                0x00000000004084f0        0xe contiki-native.a(serial-line.o)
 .rodata.str1.1
                0x00000000004084fe        0xc contiki-native.a(etimer.o)
 .rodata.str1.1
                0x000000000040850a        0xf contiki-native.a(ctimer.o)
 .rodata.str1.1
                0x0000000000408519        0xd contiki-native.a(tcpip.o)
 *fill*         0x0000000000408526        0x2 
 .rodata        0x0000000000408528       0x90 contiki-native.a(uip.o)
                0x00000000004085b0                uip_all_zeroes_addr
                0x00000000004085b4                uip_broadcast_addr
 *fill*         0x00000000004085b8        0x8 
 .rodata        0x00000000004085c0       0x50 contiki-native.a(nullradio.o)
                0x00000000004085c0                nullradio_driver

.rodata1
 *(.rodata1)

.eh_frame_hdr   0x0000000000408610      0x82c
 *(.eh_frame_hdr)
 .eh_frame_hdr  0x0000000000408610      0x82c /usr/lib/gcc/x86_64-linux-gnu/4.8/../../../x86_64-linux-gnu/crt1.o

.eh_frame       0x0000000000408e40     0x1d9c
 *(.eh_frame)
 .eh_frame      0x0000000000408e40       0x30 /usr/lib/gcc/x86_64-linux-gnu/4.8/../../../x86_64-linux-gnu/crt1.o
 .eh_frame      0x0000000000408e70       0x40 /usr/lib/gcc/x86_64-linux-gnu/4.8/../../../x86_64-linux-gnu/crt1.o
 .eh_frame      0x0000000000408eb0       0x20 hello-led.co
                                         0x38 (size before relaxing)
 .eh_frame      0x0000000000408ed0       0xb0 contiki-native.a(contiki-main.o)
                                         0xc0 (size before relaxing)
 .eh_frame      0x0000000000408f80       0xc8 contiki-native.a(leds.o)
                                         0xe0 (size before relaxing)
 .eh_frame      0x0000000000409048       0x48 contiki-native.a(leds-arch.o)
                                         0x58 (size before relaxing)
 .eh_frame      0x0000000000409090       0x60 contiki-native.a(button-sensor.o)
                                         0x70 (size before relaxing)
 .eh_frame      0x00000000004090f0       0x60 contiki-native.a(pir-sensor.o)
                                         0x70 (size before relaxing)
 .eh_frame      0x0000000000409150       0x60 contiki-native.a(vib-sensor.o)
                                         0x70 (size before relaxing)
 .eh_frame      0x00000000004091b0       0xa8 contiki-native.a(sensors.o)
                                         0xb0 (size before relaxing)
 .eh_frame      0x0000000000409258       0x48 contiki-native.a(rimeaddr.o)
                                         0x58 (size before relaxing)
 .eh_frame      0x00000000004092a0       0xc8 contiki-native.a(rime.o)
                                         0xe0 (size before relaxing)
 .eh_frame      0x0000000000409368      0x130 contiki-native.a(announcement.o)
                                        0x140 (size before relaxing)
 .eh_frame      0x0000000000409498      0x118 contiki-native.a(broadcast-annou)
                                        0x120 (size before relaxing)
 .eh_frame      0x00000000004095b0       0xa0 contiki-native.a(broadcast.o)
                                         0xb0 (size before relaxing)
 .eh_frame      0x0000000000409650       0x90 contiki-native.a(abc.o)
                                         0xa8 (size before relaxing)
 .eh_frame      0x00000000004096e0       0x78 contiki-native.a(chameleon.o)
                                         0x90 (size before relaxing)
 .eh_frame      0x0000000000409758       0x98 contiki-native.a(channel.o)
                                         0xb0 (size before relaxing)
 .eh_frame      0x00000000004097f0      0x160 contiki-native.a(chameleon-bitop)
 .eh_frame      0x0000000000409950       0x90 contiki-native.a(nullmac.o)
                                         0xa0 (size before relaxing)
 .eh_frame      0x00000000004099e0       0xf0 contiki-native.a(nullrdc.o)
                                        0x100 (size before relaxing)
 .eh_frame      0x0000000000409ad0       0x18 contiki-native.a(mac.o)
                                         0x30 (size before relaxing)
 .eh_frame      0x0000000000409ae8       0x40 contiki-native.a(framer-nullmac.)
                                         0x50 (size before relaxing)
 .eh_frame      0x0000000000409b28      0x178 contiki-native.a(process.o)
                                        0x170 (size before relaxing)
 .eh_frame      0x0000000000409ca0       0x50 contiki-native.a(autostart.o)
                                         0x68 (size before relaxing)
 .eh_frame      0x0000000000409cf0       0x58 contiki-native.a(serial-line.o)
                                         0x70 (size before relaxing)
 .eh_frame      0x0000000000409d48      0x140 contiki-native.a(list.o)
                                        0x128 (size before relaxing)
 .eh_frame      0x0000000000409e88      0x190 contiki-native.a(etimer.o)
                                        0x180 (size before relaxing)
 .eh_frame      0x000000000040a018      0x100 contiki-native.a(ctimer.o)
                                        0x110 (size before relaxing)
 .eh_frame      0x000000000040a118       0x30 contiki-native.a(random.o)
                                         0x48 (size before relaxing)
 .eh_frame      0x000000000040a148       0x78 contiki-native.a(ringbuf.o)
                                         0x80 (size before relaxing)
 .eh_frame      0x000000000040a1c0       0x18 contiki-native.a(netstack.o)
                                         0x30 (size before relaxing)
 .eh_frame      0x000000000040a1d8      0x2c8 contiki-native.a(packetbuf.o)
                                        0x298 (size before relaxing)
 .eh_frame      0x000000000040a4a0      0x120 contiki-native.a(queuebuf.o)
 .eh_frame      0x000000000040a5c0      0x1b0 contiki-native.a(tcpip.o)
 .eh_frame      0x000000000040a770      0x1d0 contiki-native.a(uip.o)
                                        0x1a8 (size before relaxing)
 .eh_frame      0x000000000040a940       0xf0 contiki-native.a(nullradio.o)
                                         0xe0 (size before relaxing)
 .eh_frame      0x000000000040aa30       0x48 contiki-native.a(clock.o)
                                         0x60 (size before relaxing)
 .eh_frame      0x000000000040aa78       0x68 contiki-native.a(memb.o)
                                         0x70 (size before relaxing)
 .eh_frame      0x000000000040aae0       0x98 contiki-native.a(timer.o)
                                         0xa0 (size before relaxing)
 .eh_frame      0x000000000040ab78       0x60 /usr/lib/x86_64-linux-gnu/libc_nonshared.a(elf-init.oS)
                                         0x78 (size before relaxing)
 .eh_frame      0x000000000040abd8        0x4 /usr/lib/gcc/x86_64-linux-gnu/4.8/crtend.o

.gcc_except_table
 *(.gcc_except_table .gcc_except_table.*)

.exception_ranges
 *(.exception_ranges .exception_ranges*)
                0x000000000040abdc                . = (ALIGN (0x200000) - ((0x200000 - .) & 0x1fffff))
                0x000000000060ae0c                . = DATA_SEGMENT_ALIGN (0x200000, 0x1000)

.eh_frame
 *(.eh_frame)

.gcc_except_table
 *(.gcc_except_table .gcc_except_table.*)

.exception_ranges
 *(.exception_ranges .exception_ranges*)

.tdata
 *(.tdata .tdata.* .gnu.linkonce.td.*)

.tbss
 *(.tbss .tbss.* .gnu.linkonce.tb.*)
 *(.tcommon)

.preinit_array  0x000000000060ae0c        0x0
                0x000000000060ae0c                PROVIDE (__preinit_array_start, .)
 *(.preinit_array)
                0x000000000060ae0c                PROVIDE (__preinit_array_end, .)

.init_array     0x000000000060ae10        0x8
                0x000000000060ae10                PROVIDE (__init_array_start, .)
 *(SORT(.init_array.*) SORT(.ctors.*))
 *(.init_array EXCLUDE_FILE(*crtend?.o *crtend.o *crtbegin?.o *crtbegin.o) .ctors)
 .init_array    0x000000000060ae10        0x8 /usr/lib/gcc/x86_64-linux-gnu/4.8/crtbegin.o
                0x000000000060ae18                PROVIDE (__init_array_end, .)

.fini_array     0x000000000060ae18        0x8
                0x000000000060ae18                PROVIDE (__fini_array_start, .)
 *(SORT(.fini_array.*) SORT(.dtors.*))
 *(.fini_array EXCLUDE_FILE(*crtend?.o *crtend.o *crtbegin?.o *crtbegin.o) .dtors)
 .fini_array    0x000000000060ae18        0x8 /usr/lib/gcc/x86_64-linux-gnu/4.8/crtbegin.o
                0x000000000060ae20                PROVIDE (__fini_array_end, .)

.ctors
 *crtbegin.o(.ctors)
 *crtbegin?.o(.ctors)
 *(EXCLUDE_FILE(*crtend?.o *crtend.o) .ctors)
 *(SORT(.ctors.*))
 *(.ctors)

.dtors
 *crtbegin.o(.dtors)
 *crtbegin?.o(.dtors)
 *(EXCLUDE_FILE(*crtend?.o *crtend.o) .dtors)
 *(SORT(.dtors.*))
 *(.dtors)

.jcr            0x000000000060ae20        0x8
 *(.jcr)
 .jcr           0x000000000060ae20        0x0 /usr/lib/gcc/x86_64-linux-gnu/4.8/crtbegin.o
 .jcr           0x000000000060ae20        0x8 /usr/lib/gcc/x86_64-linux-gnu/4.8/crtend.o

.data.rel.ro
 *(.data.rel.ro.local* .gnu.linkonce.d.rel.ro.local.*)
 *(.data.rel.ro .data.rel.ro.* .gnu.linkonce.d.rel.ro.*)

.dynamic        0x000000000060ae28      0x1d0
 *(.dynamic)
 .dynamic       0x000000000060ae28      0x1d0 /usr/lib/gcc/x86_64-linux-gnu/4.8/../../../x86_64-linux-gnu/crt1.o
                0x000000000060ae28                _DYNAMIC

.got            0x000000000060aff8        0x8
 *(.got)
 .got           0x000000000060aff8        0x8 /usr/lib/gcc/x86_64-linux-gnu/4.8/../../../x86_64-linux-gnu/crt1.o
 *(.igot)
                0x000000000060bfe8                . = DATA_SEGMENT_RELRO_END (., (SIZEOF (.got.plt) >= 0x18)?0x18:0x0)

.got.plt        0x000000000060b000       0xa8
 *(.got.plt)
 .got.plt       0x000000000060b000       0xa8 /usr/lib/gcc/x86_64-linux-gnu/4.8/../../../x86_64-linux-gnu/crt1.o
                0x000000000060b000                _GLOBAL_OFFSET_TABLE_
 *(.igot.plt)
 .igot.plt      0x0000000000000000        0x0 /usr/lib/gcc/x86_64-linux-gnu/4.8/../../../x86_64-linux-gnu/crt1.o

.data           0x000000000060b0c0      0x160
 *(.data .data.* .gnu.linkonce.d.*)
 .data          0x000000000060b0c0        0x4 /usr/lib/gcc/x86_64-linux-gnu/4.8/../../../x86_64-linux-gnu/crt1.o
                0x000000000060b0c0                data_start
                0x000000000060b0c0                __data_start
 .data          0x000000000060b0c4        0x0 /usr/lib/gcc/x86_64-linux-gnu/4.8/../../../x86_64-linux-gnu/crti.o
 *fill*         0x000000000060b0c4        0x4 
 .data          0x000000000060b0c8        0x8 /usr/lib/gcc/x86_64-linux-gnu/4.8/crtbegin.o
                0x000000000060b0c8                __dso_handle
 *fill*         0x000000000060b0d0       0x10 
 .data          0x000000000060b0e0       0x20 hello-led.co
                0x000000000060b0e0                p_hello_led
 .data          0x000000000060b100       0x20 contiki-native.a(contiki-main.o)
                0x000000000060b100                sensors
 .data          0x000000000060b120        0x0 contiki-native.a(leds.o)
 .data          0x000000000060b120        0x0 contiki-native.a(leds-arch.o)
 .data          0x000000000060b120        0x0 contiki-native.a(button-sensor.o)
 .data          0x000000000060b120        0x0 contiki-native.a(pir-sensor.o)
 .data          0x000000000060b120        0x0 contiki-native.a(vib-sensor.o)
 .data          0x000000000060b120       0x20 contiki-native.a(sensors.o)
                0x000000000060b120                sensors_process
 .data          0x000000000060b140        0x0 contiki-native.a(rimeaddr.o)
 .data          0x000000000060b140        0x0 contiki-native.a(rime.o)
 .data          0x000000000060b140        0x0 contiki-native.a(announcement.o)
 .data          0x000000000060b140        0x0 contiki-native.a(broadcast-annou)
 .data          0x000000000060b140        0x0 contiki-native.a(broadcast.o)
 .data          0x000000000060b140        0x0 contiki-native.a(abc.o)
 .data          0x000000000060b140        0x0 contiki-native.a(chameleon.o)
 .data          0x000000000060b140        0x0 contiki-native.a(channel.o)
 .data          0x000000000060b140        0x0 contiki-native.a(chameleon-bitop)
 .data          0x000000000060b140        0x0 contiki-native.a(nullmac.o)
 .data          0x000000000060b140        0x0 contiki-native.a(nullrdc.o)
 .data          0x000000000060b140        0x0 contiki-native.a(mac.o)
 .data          0x000000000060b140        0x0 contiki-native.a(framer-nullmac.)
 .data          0x000000000060b140        0x0 contiki-native.a(process.o)
 .data          0x000000000060b140        0x0 contiki-native.a(autostart.o)
 .data          0x000000000060b140       0x20 contiki-native.a(serial-line.o)
                0x000000000060b140                serial_line_process
 .data          0x000000000060b160        0x0 contiki-native.a(list.o)
 .data          0x000000000060b160       0x20 contiki-native.a(etimer.o)
                0x000000000060b160                etimer_process
 .data          0x000000000060b180       0x20 contiki-native.a(ctimer.o)
                0x000000000060b180                ctimer_process
 .data          0x000000000060b1a0        0x0 contiki-native.a(random.o)
 .data          0x000000000060b1a0        0x0 contiki-native.a(ringbuf.o)
 .data          0x000000000060b1a0        0x0 contiki-native.a(netstack.o)
 .data          0x000000000060b1a0        0x0 contiki-native.a(packetbuf.o)
 .data          0x000000000060b1a0       0x58 contiki-native.a(queuebuf.o)
 *fill*         0x000000000060b1f8        0x8 
 .data          0x000000000060b200       0x20 contiki-native.a(tcpip.o)
                0x000000000060b200                tcpip_process
 .data          0x000000000060b220        0x0 contiki-native.a(uip.o)
 .data          0x000000000060b220        0x0 contiki-native.a(nullradio.o)
 .data          0x000000000060b220        0x0 contiki-native.a(clock.o)
 .data          0x000000000060b220        0x0 contiki-native.a(memb.o)
 .data          0x000000000060b220        0x0 contiki-native.a(timer.o)
 .data          0x000000000060b220        0x0 /usr/lib/x86_64-linux-gnu/libc_nonshared.a(elf-init.oS)
 .data          0x000000000060b220        0x0 /usr/lib/gcc/x86_64-linux-gnu/4.8/crtend.o
 .data          0x000000000060b220        0x0 /usr/lib/gcc/x86_64-linux-gnu/4.8/../../../x86_64-linux-gnu/crtn.o

.tm_clone_table
                0x000000000060b220        0x0
 .tm_clone_table
                0x000000000060b220        0x0 /usr/lib/gcc/x86_64-linux-gnu/4.8/crtbegin.o
 .tm_clone_table
                0x000000000060b220        0x0 /usr/lib/gcc/x86_64-linux-gnu/4.8/crtend.o

.data1
 *(.data1)
                0x000000000060b220                _edata = .
                0x000000000060b220                PROVIDE (edata, .)
                0x000000000060b220                . = .
                0x000000000060b220                __bss_start = .

.bss            0x000000000060b220     0x1cd0
 *(.dynbss)
 .dynbss        0x000000000060b220       0x10 /usr/lib/gcc/x86_64-linux-gnu/4.8/../../../x86_64-linux-gnu/crt1.o
                0x000000000060b220                stdout@@GLIBC_2.2.5
                0x000000000060b228                stderr@@GLIBC_2.2.5
 *(.bss .bss.* .gnu.linkonce.b.*)
 .bss           0x000000000060b230        0x0 /usr/lib/gcc/x86_64-linux-gnu/4.8/../../../x86_64-linux-gnu/crt1.o
 .bss           0x000000000060b230        0x0 /usr/lib/gcc/x86_64-linux-gnu/4.8/../../../x86_64-linux-gnu/crti.o
 .bss           0x000000000060b230        0x1 /usr/lib/gcc/x86_64-linux-gnu/4.8/crtbegin.o
 .bss           0x000000000060b231        0x0 hello-led.co
 *fill*         0x000000000060b231        0xf 
 .bss           0x000000000060b240       0x60 contiki-native.a(contiki-main.o)
                0x000000000060b240                contiki_argc
 .bss           0x000000000060b2a0        0x2 contiki-native.a(leds.o)
 .bss           0x000000000060b2a2        0x1 contiki-native.a(leds-arch.o)
 .bss           0x000000000060b2a3        0x0 contiki-native.a(button-sensor.o)
 *fill*         0x000000000060b2a3        0x1 
 .bss           0x000000000060b2a4        0x4 contiki-native.a(pir-sensor.o)
 .bss           0x000000000060b2a8        0x4 contiki-native.a(vib-sensor.o)
 .bss           0x000000000060b2ac        0x9 contiki-native.a(sensors.o)
 .bss           0x000000000060b2b5        0x0 contiki-native.a(rimeaddr.o)
 *fill*         0x000000000060b2b5        0x3 
 .bss           0x000000000060b2b8        0x8 contiki-native.a(rime.o)
 .bss           0x000000000060b2c0       0x18 contiki-native.a(announcement.o)
 *fill*         0x000000000060b2d8        0x8 
 .bss           0x000000000060b2e0       0xd8 contiki-native.a(broadcast-annou)
 .bss           0x000000000060b3b8        0x0 contiki-native.a(broadcast.o)
 .bss           0x000000000060b3b8        0x0 contiki-native.a(abc.o)
 .bss           0x000000000060b3b8        0x0 contiki-native.a(chameleon.o)
 .bss           0x000000000060b3b8        0x8 contiki-native.a(channel.o)
 .bss           0x000000000060b3c0        0x0 contiki-native.a(chameleon-bitop)
 .bss           0x000000000060b3c0        0x0 contiki-native.a(nullmac.o)
 .bss           0x000000000060b3c0        0x0 contiki-native.a(nullrdc.o)
 .bss           0x000000000060b3c0        0x0 contiki-native.a(mac.o)
 .bss           0x000000000060b3c0        0x0 contiki-native.a(framer-nullmac.)
 .bss           0x000000000060b3c0      0x343 contiki-native.a(process.o)
                0x000000000060b3c0                process_current
                0x000000000060b3c8                process_list
 .bss           0x000000000060b703        0x0 contiki-native.a(autostart.o)
 *fill*         0x000000000060b703       0x1d 
 .bss           0x000000000060b720      0x150 contiki-native.a(serial-line.o)
 .bss           0x000000000060b870        0x0 contiki-native.a(list.o)
 .bss           0x000000000060b870       0x10 contiki-native.a(etimer.o)
 .bss           0x000000000060b880       0x10 contiki-native.a(ctimer.o)
 .bss           0x000000000060b890        0x0 contiki-native.a(random.o)
 .bss           0x000000000060b890        0x0 contiki-native.a(ringbuf.o)
 .bss           0x000000000060b890        0x0 contiki-native.a(netstack.o)
 *fill*         0x000000000060b890       0x10 
 .bss           0x000000000060b8a0       0xd8 contiki-native.a(packetbuf.o)
 *fill*         0x000000000060b978        0x8 
 .bss           0x000000000060b980      0x6c8 contiki-native.a(queuebuf.o)
 *fill*         0x000000000060c048       0x18 
 .bss           0x000000000060c060      0x2e0 contiki-native.a(tcpip.o)
 .bss           0x000000000060c340       0x12 contiki-native.a(uip.o)
                0x000000000060c340                uip_lladdr
 .bss           0x000000000060c352        0x0 contiki-native.a(nullradio.o)
 .bss           0x000000000060c352        0x0 contiki-native.a(clock.o)
 .bss           0x000000000060c352        0x0 contiki-native.a(memb.o)
 .bss           0x000000000060c352        0x0 contiki-native.a(timer.o)
 .bss           0x000000000060c352        0x0 /usr/lib/x86_64-linux-gnu/libc_nonshared.a(elf-init.oS)
 .bss           0x000000000060c352        0x0 /usr/lib/gcc/x86_64-linux-gnu/4.8/crtend.o
 .bss           0x000000000060c352        0x0 /usr/lib/gcc/x86_64-linux-gnu/4.8/../../../x86_64-linux-gnu/crtn.o
 *(COMMON)
 *fill*         0x000000000060c352        0x6 
 COMMON         0x000000000060c358        0xc contiki-native.a(contiki-main.o)
                0x000000000060c358                contiki_argv
                0x000000000060c360                sensors_flags
 COMMON         0x000000000060c364        0x1 contiki-native.a(sensors.o)
                0x000000000060c364                sensors_event
 COMMON         0x000000000060c365        0x2 contiki-native.a(rimeaddr.o)
                0x000000000060c365                rimeaddr_node_addr
 COMMON         0x000000000060c367        0x1 contiki-native.a(serial-line.o)
                0x000000000060c367                serial_line_event_message
 *fill*         0x000000000060c368       0x18 
 COMMON         0x000000000060c380       0x38 contiki-native.a(packetbuf.o)
                0x000000000060c380                packetbuf_attrs
                0x000000000060c3b0                packetbuf_addrs
 COMMON         0x000000000060c3b8        0x1 contiki-native.a(tcpip.o)
                0x000000000060c3b8                tcpip_event
 *fill*         0x000000000060c3b9        0x7 
 COMMON         0x000000000060c3c0      0xb30 contiki-native.a(uip.o)
                0x000000000060c3c0                uip_draddr
                0x000000000060c3c4                uip_slen
                0x000000000060c3c6                uip_acc32
                0x000000000060c3e0                uip_conns
                0x000000000060cb60                uip_netmask
                0x000000000060cb64                uip_hostaddr
                0x000000000060cb68                uip_appdata
                0x000000000060cb70                uip_flags
                0x000000000060cb80                uip_aligned_buf
                0x000000000060cd40                uip_listenports
                0x000000000060cd90                uip_len
                0x000000000060cd98                uip_sappdata
                0x000000000060cda0                uip_udp_conns
                0x000000000060cee0                uip_udp_conn
                0x000000000060cee8                uip_conn
                0x000000000060cef0                . = ALIGN ((. != 0x0)?0x8:0x1)

.lbss
 *(.dynlbss)
 *(.lbss .lbss.* .gnu.linkonce.lb.*)
 *(LARGE_COMMON)
                0x000000000060cef0                . = ALIGN (0x8)
                0x000000000060cef0                . = SEGMENT_START ("ldata-segment", .)

.lrodata
 *(.lrodata .lrodata.* .gnu.linkonce.lr.*)

.ldata          0x0000000000a0cef0        0x0
 *(.ldata .ldata.* .gnu.linkonce.l.*)
                0x0000000000a0cef0                . = ALIGN ((. != 0x0)?0x8:0x1)
                0x0000000000a0cef0                . = ALIGN (0x8)
                0x0000000000a0cef0                _end = .
                0x0000000000a0cef0                PROVIDE (end, .)
                0x0000000000a0cef0                . = DATA_SEGMENT_END (.)

.stab
 *(.stab)

.stabstr
 *(.stabstr)

.stab.excl
 *(.stab.excl)

.stab.exclstr
 *(.stab.exclstr)

.stab.index
 *(.stab.index)

.stab.indexstr
 *(.stab.indexstr)

.comment        0x0000000000000000       0x24
 *(.comment)
 .comment       0x0000000000000000       0x24 /usr/lib/gcc/x86_64-linux-gnu/4.8/crtbegin.o
                                         0x25 (size before relaxing)
 .comment       0x0000000000000000       0x25 hello-led.co
 .comment       0x0000000000000000       0x25 contiki-native.a(contiki-main.o)
 .comment       0x0000000000000000       0x25 contiki-native.a(leds.o)
 .comment       0x0000000000000000       0x25 contiki-native.a(leds-arch.o)
 .comment       0x0000000000000000       0x25 contiki-native.a(button-sensor.o)
 .comment       0x0000000000000000       0x25 contiki-native.a(pir-sensor.o)
 .comment       0x0000000000000000       0x25 contiki-native.a(vib-sensor.o)
 .comment       0x0000000000000000       0x25 contiki-native.a(sensors.o)
 .comment       0x0000000000000000       0x25 contiki-native.a(rimeaddr.o)
 .comment       0x0000000000000000       0x25 contiki-native.a(rime.o)
 .comment       0x0000000000000000       0x25 contiki-native.a(announcement.o)
 .comment       0x0000000000000000       0x25 contiki-native.a(broadcast-annou)
 .comment       0x0000000000000000       0x25 contiki-native.a(broadcast.o)
 .comment       0x0000000000000000       0x25 contiki-native.a(abc.o)
 .comment       0x0000000000000000       0x25 contiki-native.a(chameleon.o)
 .comment       0x0000000000000000       0x25 contiki-native.a(channel.o)
 .comment       0x0000000000000000       0x25 contiki-native.a(chameleon-bitop)
 .comment       0x0000000000000000       0x25 contiki-native.a(nullmac.o)
 .comment       0x0000000000000000       0x25 contiki-native.a(nullrdc.o)
 .comment       0x0000000000000000       0x25 contiki-native.a(mac.o)
 .comment       0x0000000000000000       0x25 contiki-native.a(framer-nullmac.)
 .comment       0x0000000000000000       0x25 contiki-native.a(process.o)
 .comment       0x0000000000000000       0x25 contiki-native.a(autostart.o)
 .comment       0x0000000000000000       0x25 contiki-native.a(serial-line.o)
 .comment       0x0000000000000000       0x25 contiki-native.a(list.o)
 .comment       0x0000000000000000       0x25 contiki-native.a(etimer.o)
 .comment       0x0000000000000000       0x25 contiki-native.a(ctimer.o)
 .comment       0x0000000000000000       0x25 contiki-native.a(random.o)
 .comment       0x0000000000000000       0x25 contiki-native.a(ringbuf.o)
 .comment       0x0000000000000000       0x25 contiki-native.a(netstack.o)
 .comment       0x0000000000000000       0x25 contiki-native.a(packetbuf.o)
 .comment       0x0000000000000000       0x25 contiki-native.a(queuebuf.o)
 .comment       0x0000000000000000       0x25 contiki-native.a(tcpip.o)
 .comment       0x0000000000000000       0x25 contiki-native.a(uip.o)
 .comment       0x0000000000000000       0x25 contiki-native.a(nullradio.o)
 .comment       0x0000000000000000       0x25 contiki-native.a(clock.o)
 .comment       0x0000000000000000       0x25 contiki-native.a(memb.o)
 .comment       0x0000000000000000       0x25 contiki-native.a(timer.o)
 .comment       0x0000000000000000       0x25 /usr/lib/x86_64-linux-gnu/libc_nonshared.a(elf-init.oS)
 .comment       0x0000000000000000       0x25 /usr/lib/gcc/x86_64-linux-gnu/4.8/crtend.o

.debug
 *(.debug)

.line
 *(.line)

.debug_srcinfo
 *(.debug_srcinfo)

.debug_sfnames
 *(.debug_sfnames)

.debug_aranges  0x0000000000000000      0x720
 *(.debug_aranges)
 .debug_aranges
                0x0000000000000000       0x30 hello-led.co
 .debug_aranges
                0x0000000000000030       0x30 contiki-native.a(contiki-main.o)
 .debug_aranges
                0x0000000000000060       0x30 contiki-native.a(leds.o)
 .debug_aranges
                0x0000000000000090       0x30 contiki-native.a(leds-arch.o)
 .debug_aranges
                0x00000000000000c0       0x30 contiki-native.a(button-sensor.o)
 .debug_aranges
                0x00000000000000f0       0x30 contiki-native.a(pir-sensor.o)
 .debug_aranges
                0x0000000000000120       0x30 contiki-native.a(vib-sensor.o)
 .debug_aranges
                0x0000000000000150       0x30 contiki-native.a(sensors.o)
 .debug_aranges
                0x0000000000000180       0x30 contiki-native.a(rimeaddr.o)
 .debug_aranges
                0x00000000000001b0       0x30 contiki-native.a(rime.o)
 .debug_aranges
                0x00000000000001e0       0x30 contiki-native.a(announcement.o)
 .debug_aranges
                0x0000000000000210       0x30 contiki-native.a(broadcast-annou)
 .debug_aranges
                0x0000000000000240       0x30 contiki-native.a(broadcast.o)
 .debug_aranges
                0x0000000000000270       0x30 contiki-native.a(abc.o)
 .debug_aranges
                0x00000000000002a0       0x30 contiki-native.a(chameleon.o)
 .debug_aranges
                0x00000000000002d0       0x30 contiki-native.a(channel.o)
 .debug_aranges
                0x0000000000000300       0x30 contiki-native.a(chameleon-bitop)
 .debug_aranges
                0x0000000000000330       0x30 contiki-native.a(nullmac.o)
 .debug_aranges
                0x0000000000000360       0x30 contiki-native.a(nullrdc.o)
 .debug_aranges
                0x0000000000000390       0x30 contiki-native.a(mac.o)
 .debug_aranges
                0x00000000000003c0       0x30 contiki-native.a(framer-nullmac.)
 .debug_aranges
                0x00000000000003f0       0x30 contiki-native.a(process.o)
 .debug_aranges
                0x0000000000000420       0x30 contiki-native.a(autostart.o)
 .debug_aranges
                0x0000000000000450       0x30 contiki-native.a(serial-line.o)
 .debug_aranges
                0x0000000000000480       0x30 contiki-native.a(list.o)
 .debug_aranges
                0x00000000000004b0       0x30 contiki-native.a(etimer.o)
 .debug_aranges
                0x00000000000004e0       0x30 contiki-native.a(ctimer.o)
 .debug_aranges
                0x0000000000000510       0x30 contiki-native.a(random.o)
 .debug_aranges
                0x0000000000000540       0x30 contiki-native.a(ringbuf.o)
 .debug_aranges
                0x0000000000000570       0x30 contiki-native.a(netstack.o)
 .debug_aranges
                0x00000000000005a0       0x30 contiki-native.a(packetbuf.o)
 .debug_aranges
                0x00000000000005d0       0x30 contiki-native.a(queuebuf.o)
 .debug_aranges
                0x0000000000000600       0x30 contiki-native.a(tcpip.o)
 .debug_aranges
                0x0000000000000630       0x30 contiki-native.a(uip.o)
 .debug_aranges
                0x0000000000000660       0x30 contiki-native.a(nullradio.o)
 .debug_aranges
                0x0000000000000690       0x30 contiki-native.a(clock.o)
 .debug_aranges
                0x00000000000006c0       0x30 contiki-native.a(memb.o)
 .debug_aranges
                0x00000000000006f0       0x30 contiki-native.a(timer.o)

.debug_pubnames
 *(.debug_pubnames)

.debug_info     0x0000000000000000     0xdc44
 *(.debug_info .gnu.linkonce.wi.*)
 .debug_info    0x0000000000000000      0x596 hello-led.co
 .debug_info    0x0000000000000596     0x10eb contiki-native.a(contiki-main.o)
 .debug_info    0x0000000000001681      0x2f0 contiki-native.a(leds.o)
 .debug_info    0x0000000000001971       0xe8 contiki-native.a(leds-arch.o)
 .debug_info    0x0000000000001a59      0x1ea contiki-native.a(button-sensor.o)
 .debug_info    0x0000000000001c43      0x20c contiki-native.a(pir-sensor.o)
 .debug_info    0x0000000000001e4f      0x1fd contiki-native.a(vib-sensor.o)
 .debug_info    0x000000000000204c      0x4ef contiki-native.a(sensors.o)
 .debug_info    0x000000000000253b      0x250 contiki-native.a(rimeaddr.o)
 .debug_info    0x000000000000278b      0x6be contiki-native.a(rime.o)
 .debug_info    0x0000000000002e49      0x5d0 contiki-native.a(announcement.o)
 .debug_info    0x0000000000003419      0xb06 contiki-native.a(broadcast-annou)
 .debug_info    0x0000000000003f1f      0x617 contiki-native.a(broadcast.o)
 .debug_info    0x0000000000004536      0x483 contiki-native.a(abc.o)
 .debug_info    0x00000000000049b9      0x59e contiki-native.a(chameleon.o)
 .debug_info    0x0000000000004f57      0x381 contiki-native.a(channel.o)
 .debug_info    0x00000000000052d8      0xa9e contiki-native.a(chameleon-bitop)
 .debug_info    0x0000000000005d76      0x37f contiki-native.a(nullmac.o)
 .debug_info    0x00000000000060f5      0x888 contiki-native.a(nullrdc.o)
 .debug_info    0x000000000000697d      0x142 contiki-native.a(mac.o)
 .debug_info    0x0000000000006abf      0x3a0 contiki-native.a(framer-nullmac.)
 .debug_info    0x0000000000006e5f      0x8fd contiki-native.a(process.o)
 .debug_info    0x000000000000775c      0x203 contiki-native.a(autostart.o)
 .debug_info    0x000000000000795f      0x4ef contiki-native.a(serial-line.o)
 .debug_info    0x0000000000007e4e      0x3bc contiki-native.a(list.o)
 .debug_info    0x000000000000820a      0x6e9 contiki-native.a(etimer.o)
 .debug_info    0x00000000000088f3      0x7b0 contiki-native.a(ctimer.o)
 .debug_info    0x00000000000090a3      0x115 contiki-native.a(random.o)
 .debug_info    0x00000000000091b8      0x1d5 contiki-native.a(ringbuf.o)
 .debug_info    0x000000000000938d      0x371 contiki-native.a(netstack.o)
 .debug_info    0x00000000000096fe      0xb32 contiki-native.a(packetbuf.o)
 .debug_info    0x000000000000a230      0xbab contiki-native.a(queuebuf.o)
 .debug_info    0x000000000000addb     0x1271 contiki-native.a(tcpip.o)
 .debug_info    0x000000000000c04c     0x12ca contiki-native.a(uip.o)
 .debug_info    0x000000000000d316      0x2f8 contiki-native.a(nullradio.o)
 .debug_info    0x000000000000d60e      0x1be contiki-native.a(clock.o)
 .debug_info    0x000000000000d7cc      0x294 contiki-native.a(memb.o)
 .debug_info    0x000000000000da60      0x1e4 contiki-native.a(timer.o)

.debug_abbrev   0x0000000000000000     0x488a
 *(.debug_abbrev)
 .debug_abbrev  0x0000000000000000      0x1e3 hello-led.co
 .debug_abbrev  0x00000000000001e3      0x3fb contiki-native.a(contiki-main.o)
 .debug_abbrev  0x00000000000005de      0x132 contiki-native.a(leds.o)
 .debug_abbrev  0x0000000000000710       0x94 contiki-native.a(leds-arch.o)
 .debug_abbrev  0x00000000000007a4       0xe8 contiki-native.a(button-sensor.o)
 .debug_abbrev  0x000000000000088c      0x115 contiki-native.a(pir-sensor.o)
 .debug_abbrev  0x00000000000009a1      0x106 contiki-native.a(vib-sensor.o)
 .debug_abbrev  0x0000000000000aa7      0x2b8 contiki-native.a(sensors.o)
 .debug_abbrev  0x0000000000000d5f      0x178 contiki-native.a(rimeaddr.o)
 .debug_abbrev  0x0000000000000ed7      0x23c contiki-native.a(rime.o)
 .debug_abbrev  0x0000000000001113      0x1db contiki-native.a(announcement.o)
 .debug_abbrev  0x00000000000012ee      0x2ca contiki-native.a(broadcast-annou)
 .debug_abbrev  0x00000000000015b8      0x1f6 contiki-native.a(broadcast.o)
 .debug_abbrev  0x00000000000017ae      0x19e contiki-native.a(abc.o)
 .debug_abbrev  0x000000000000194c      0x1e0 contiki-native.a(chameleon.o)
 .debug_abbrev  0x0000000000001b2c      0x17c contiki-native.a(channel.o)
 .debug_abbrev  0x0000000000001ca8      0x2ef contiki-native.a(chameleon-bitop)
 .debug_abbrev  0x0000000000001f97      0x192 contiki-native.a(nullmac.o)
 .debug_abbrev  0x0000000000002129      0x2dc contiki-native.a(nullrdc.o)
 .debug_abbrev  0x0000000000002405       0xbb contiki-native.a(mac.o)
 .debug_abbrev  0x00000000000024c0      0x186 contiki-native.a(framer-nullmac.)
 .debug_abbrev  0x0000000000002646      0x336 contiki-native.a(process.o)
 .debug_abbrev  0x000000000000297c      0x129 contiki-native.a(autostart.o)
 .debug_abbrev  0x0000000000002aa5      0x25e contiki-native.a(serial-line.o)
 .debug_abbrev  0x0000000000002d03      0x18b contiki-native.a(list.o)
 .debug_abbrev  0x0000000000002e8e      0x2c8 contiki-native.a(etimer.o)
 .debug_abbrev  0x0000000000003156      0x215 contiki-native.a(ctimer.o)
 .debug_abbrev  0x000000000000336b       0xbe contiki-native.a(random.o)
 .debug_abbrev  0x0000000000003429       0xea contiki-native.a(ringbuf.o)
 .debug_abbrev  0x0000000000003513       0xdd contiki-native.a(netstack.o)
 .debug_abbrev  0x00000000000035f0      0x341 contiki-native.a(packetbuf.o)
 .debug_abbrev  0x0000000000003931      0x2df contiki-native.a(queuebuf.o)
 .debug_abbrev  0x0000000000003c10      0x484 contiki-native.a(tcpip.o)
 .debug_abbrev  0x0000000000004094      0x360 contiki-native.a(uip.o)
 .debug_abbrev  0x00000000000043f4      0x158 contiki-native.a(nullradio.o)
 .debug_abbrev  0x000000000000454c       0xe5 contiki-native.a(clock.o)
 .debug_abbrev  0x0000000000004631      0x16b contiki-native.a(memb.o)
 .debug_abbrev  0x000000000000479c       0xee contiki-native.a(timer.o)

.debug_line     0x0000000000000000     0x31b6
 *(.debug_line .debug_line.* .debug_line_end)
 .debug_line    0x0000000000000000      0x1a5 hello-led.co
 .debug_line    0x00000000000001a5      0x3d8 contiki-native.a(contiki-main.o)
 .debug_line    0x000000000000057d       0xb6 contiki-native.a(leds.o)
 .debug_line    0x0000000000000633       0x61 contiki-native.a(leds-arch.o)
 .debug_line    0x0000000000000694       0x8b contiki-native.a(button-sensor.o)
 .debug_line    0x000000000000071f       0x89 contiki-native.a(pir-sensor.o)
 .debug_line    0x00000000000007a8       0x89 contiki-native.a(vib-sensor.o)
 .debug_line    0x0000000000000831      0x15c contiki-native.a(sensors.o)
 .debug_line    0x000000000000098d      0x10a contiki-native.a(rimeaddr.o)
 .debug_line    0x0000000000000a97      0x1be contiki-native.a(rime.o)
 .debug_line    0x0000000000000c55      0x103 contiki-native.a(announcement.o)
 .debug_line    0x0000000000000d58      0x27f contiki-native.a(broadcast-annou)
 .debug_line    0x0000000000000fd7       0xfd contiki-native.a(broadcast.o)
 .debug_line    0x00000000000010d4       0xde contiki-native.a(abc.o)
 .debug_line    0x00000000000011b2      0x153 contiki-native.a(chameleon.o)
 .debug_line    0x0000000000001305       0xfd contiki-native.a(channel.o)
 .debug_line    0x0000000000001402      0x239 contiki-native.a(chameleon-bitop)
 .debug_line    0x000000000000163b       0xad contiki-native.a(nullmac.o)
 .debug_line    0x00000000000016e8      0x17a contiki-native.a(nullrdc.o)
 .debug_line    0x0000000000001862       0x7a contiki-native.a(mac.o)
 .debug_line    0x00000000000018dc       0xfc contiki-native.a(framer-nullmac.)
 .debug_line    0x00000000000019d8      0x1d5 contiki-native.a(process.o)
 .debug_line    0x0000000000001bad       0xa2 contiki-native.a(autostart.o)
 .debug_line    0x0000000000001c4f      0x106 contiki-native.a(serial-line.o)
 .debug_line    0x0000000000001d55       0xed contiki-native.a(list.o)
 .debug_line    0x0000000000001e42      0x16f contiki-native.a(etimer.o)
 .debug_line    0x0000000000001fb1      0x150 contiki-native.a(ctimer.o)
 .debug_line    0x0000000000002101       0x6c contiki-native.a(random.o)
 .debug_line    0x000000000000216d       0xa7 contiki-native.a(ringbuf.o)
 .debug_line    0x0000000000002214       0xc0 contiki-native.a(netstack.o)
 .debug_line    0x00000000000022d4      0x234 contiki-native.a(packetbuf.o)
 .debug_line    0x0000000000002508      0x1a0 contiki-native.a(queuebuf.o)
 .debug_line    0x00000000000026a8      0x289 contiki-native.a(tcpip.o)
 .debug_line    0x0000000000002931      0x551 contiki-native.a(uip.o)
 .debug_line    0x0000000000002e82       0x85 contiki-native.a(nullradio.o)
 .debug_line    0x0000000000002f07       0xd5 contiki-native.a(clock.o)
 .debug_line    0x0000000000002fdc      0x11d contiki-native.a(memb.o)
 .debug_line    0x00000000000030f9       0xbd contiki-native.a(timer.o)

.debug_frame
 *(.debug_frame)

.debug_str      0x0000000000000000     0x24cf
 *(.debug_str)
 .debug_str     0x0000000000000000      0x2f4 hello-led.co
                                        0x37f (size before relaxing)
 .debug_str     0x00000000000002f4      0x33d contiki-native.a(contiki-main.o)
                                        0x6dc (size before relaxing)
 .debug_str     0x0000000000000631       0x9a contiki-native.a(leds.o)
                                        0x195 (size before relaxing)
 .debug_str     0x00000000000006cb       0x29 contiki-native.a(leds-arch.o)
                                        0x134 (size before relaxing)
 .debug_str     0x00000000000006f4       0x4a contiki-native.a(button-sensor.o)
                                        0x15e (size before relaxing)
 .debug_str     0x000000000000073e       0x50 contiki-native.a(pir-sensor.o)
                                        0x171 (size before relaxing)
 .debug_str     0x000000000000078e       0x3d contiki-native.a(vib-sensor.o)
                                        0x15e (size before relaxing)
 .debug_str     0x00000000000007cb       0xbd contiki-native.a(sensors.o)
                                        0x280 (size before relaxing)
 .debug_str     0x0000000000000888       0x7e contiki-native.a(rimeaddr.o)
                                        0x194 (size before relaxing)
 .debug_str     0x0000000000000906      0x1d5 contiki-native.a(rime.o)
                                        0x37f (size before relaxing)
 .debug_str     0x0000000000000adb      0x1ac contiki-native.a(announcement.o)
                                        0x337 (size before relaxing)
 .debug_str     0x0000000000000c87      0x246 contiki-native.a(broadcast-annou)
                                        0x52c (size before relaxing)
 .debug_str     0x0000000000000ecd      0x36f contiki-native.a(broadcast.o)
                                        0x552 (size before relaxing)
 .debug_str     0x000000000000123c       0x38 contiki-native.a(abc.o)
                                        0x4c6 (size before relaxing)
 .debug_str     0x0000000000001274       0x88 contiki-native.a(chameleon.o)
                                        0x642 (size before relaxing)
 .debug_str     0x00000000000012fc       0x4f contiki-native.a(channel.o)
                                        0x20b (size before relaxing)
 .debug_str     0x000000000000134b      0x10e contiki-native.a(chameleon-bitop)
                                        0x5ee (size before relaxing)
 .debug_str     0x0000000000001459       0x47 contiki-native.a(nullmac.o)
                                        0x1d6 (size before relaxing)
 .debug_str     0x00000000000014a0      0x148 contiki-native.a(nullrdc.o)
                                        0x6cc (size before relaxing)
 .debug_str     0x00000000000015e8       0x1c contiki-native.a(mac.o)
                                        0x184 (size before relaxing)
 .debug_str     0x0000000000001604       0x3c contiki-native.a(framer-nullmac.)
                                        0x4ad (size before relaxing)
 .debug_str     0x0000000000001640      0x10b contiki-native.a(process.o)
                                        0x42a (size before relaxing)
 .debug_str     0x000000000000174b       0x2d contiki-native.a(autostart.o)
                                        0x18a (size before relaxing)
 .debug_str     0x0000000000001778       0xb4 contiki-native.a(serial-line.o)
                                        0x28f (size before relaxing)
 .debug_str     0x000000000000182c       0x73 contiki-native.a(list.o)
                                        0x134 (size before relaxing)
 .debug_str     0x000000000000189f      0x12d contiki-native.a(etimer.o)
                                        0x31b (size before relaxing)
 .debug_str     0x00000000000019cc       0x99 contiki-native.a(ctimer.o)
                                        0x2d1 (size before relaxing)
 .debug_str     0x0000000000001a65       0x57 contiki-native.a(random.o)
                                        0x143 (size before relaxing)
 .debug_str     0x0000000000001abc       0x3a contiki-native.a(ringbuf.o)
                                        0x171 (size before relaxing)
 .debug_str     0x0000000000001af6       0x1d contiki-native.a(netstack.o)
                                        0x217 (size before relaxing)
 .debug_str     0x0000000000001b13      0x174 contiki-native.a(packetbuf.o)
                                        0x6b3 (size before relaxing)
 .debug_str     0x0000000000001c87      0x194 contiki-native.a(queuebuf.o)
                                        0x70b (size before relaxing)
 .debug_str     0x0000000000001e1b      0x325 contiki-native.a(tcpip.o)
                                        0x706 (size before relaxing)
 .debug_str     0x0000000000002140      0x2a7 contiki-native.a(uip.o)
                                        0x62c (size before relaxing)
 .debug_str     0x00000000000023e7       0x3f contiki-native.a(nullradio.o)
                                        0x16f (size before relaxing)
 .debug_str     0x0000000000002426       0x61 contiki-native.a(clock.o)
                                        0x18e (size before relaxing)
 .debug_str     0x0000000000002487       0x1e contiki-native.a(memb.o)
                                        0x154 (size before relaxing)
 .debug_str     0x00000000000024a5       0x2a contiki-native.a(timer.o)
                                        0x169 (size before relaxing)

.debug_loc      0x0000000000000000     0x7161
 *(.debug_loc)
 .debug_loc     0x0000000000000000      0x1c8 hello-led.co
 .debug_loc     0x00000000000001c8      0x4f6 contiki-native.a(contiki-main.o)
 .debug_loc     0x00000000000006be      0x1c2 contiki-native.a(leds.o)
 .debug_loc     0x0000000000000880       0x39 contiki-native.a(pir-sensor.o)
 .debug_loc     0x00000000000008b9      0x3a9 contiki-native.a(sensors.o)
 .debug_loc     0x0000000000000c62       0xbe contiki-native.a(rimeaddr.o)
 .debug_loc     0x0000000000000d20      0x302 contiki-native.a(rime.o)
 .debug_loc     0x0000000000001022      0x38c contiki-native.a(announcement.o)
 .debug_loc     0x00000000000013ae      0x55f contiki-native.a(broadcast-annou)
 .debug_loc     0x000000000000190d      0x2ac contiki-native.a(broadcast.o)
 .debug_loc     0x0000000000001bb9      0x23a contiki-native.a(abc.o)
 .debug_loc     0x0000000000001df3      0x118 contiki-native.a(chameleon.o)
 .debug_loc     0x0000000000001f0b      0x223 contiki-native.a(channel.o)
 .debug_loc     0x000000000000212e      0xc34 contiki-native.a(chameleon-bitop)
 .debug_loc     0x0000000000002d62       0xab contiki-native.a(nullmac.o)
 .debug_loc     0x0000000000002e0d      0x308 contiki-native.a(nullrdc.o)
 .debug_loc     0x0000000000003115      0x11d contiki-native.a(mac.o)
 .debug_loc     0x0000000000003232       0x6c contiki-native.a(framer-nullmac.)
 .debug_loc     0x000000000000329e      0x4dd contiki-native.a(process.o)
 .debug_loc     0x000000000000377b      0x106 contiki-native.a(autostart.o)
 .debug_loc     0x0000000000003881      0x2be contiki-native.a(serial-line.o)
 .debug_loc     0x0000000000003b3f      0x3cc contiki-native.a(list.o)
 .debug_loc     0x0000000000003f0b      0x5a3 contiki-native.a(etimer.o)
 .debug_loc     0x00000000000044ae      0x61a contiki-native.a(ctimer.o)
 .debug_loc     0x0000000000004ac8       0x39 contiki-native.a(random.o)
 .debug_loc     0x0000000000004b01       0x5c contiki-native.a(ringbuf.o)
 .debug_loc     0x0000000000004b5d      0x8f9 contiki-native.a(packetbuf.o)
 .debug_loc     0x0000000000005456      0x36b contiki-native.a(queuebuf.o)
 .debug_loc     0x00000000000057c1      0xbb5 contiki-native.a(tcpip.o)
 .debug_loc     0x0000000000006376      0x9e4 contiki-native.a(uip.o)
 .debug_loc     0x0000000000006d5a      0x273 contiki-native.a(memb.o)
 .debug_loc     0x0000000000006fcd      0x194 contiki-native.a(timer.o)

.debug_macinfo
 *(.debug_macinfo)

.debug_weaknames
 *(.debug_weaknames)

.debug_funcnames
 *(.debug_funcnames)

.debug_typenames
 *(.debug_typenames)

.debug_varnames
 *(.debug_varnames)

.debug_pubtypes
 *(.debug_pubtypes)

.debug_ranges   0x0000000000000000       0x90
 *(.debug_ranges)
 .debug_ranges  0x0000000000000000       0x60 contiki-native.a(contiki-main.o)
 .debug_ranges  0x0000000000000060       0x30 contiki-native.a(nullrdc.o)

.debug_macro
 *(.debug_macro)

.gnu.attributes
 *(.gnu.attributes)

/DISCARD/
 *(.note.GNU-stack)
 *(.gnu_debuglink)
 *(.gnu.lto_*)
OUTPUT(hello-led.native elf64-x86-64)
